<?xml version="1.0" encoding="ISO-8859-1" ?>
<link_info>
   <banner>TI ARM Clang Linker PC v5.1.1.LTS</banner>
   <copyright>Copyright (c) 1996-2018 Texas Instruments Incorporated</copyright>
   <command_line>C:\ti\ccs2100\ccs\tools\compiler\ti-cgt-armllvm_5.1.1.LTS\bin\tiarmlnk -IC:\ti\ccs2100\ccs\tools\compiler\ti-cgt-armllvm_5.1.1.LTS\lib -o empty_LP_MSPM0G3507_nortos_ticlang.out --cg_opt_level=2 -mempty_LP_MSPM0G3507_nortos_ticlang.map -iC:/ti/mspm0_sdk_2_11_00_07/source -iC:/Users/yang/Desktop/empty_LP_MSPM0G3507_nortos_ticlang -iC:/Users/yang/Desktop/empty_LP_MSPM0G3507_nortos_ticlang/Debug/syscfg -iC:/ti/ccs2100/ccs/tools/compiler/ti-cgt-armllvm_5.1.1.LTS/lib --diag_wrap=off --display_error_number --warn_sections --xml_link_info=empty_LP_MSPM0G3507_nortos_ticlang_linkInfo.xml --rom_model ./empty.o ./ti_msp_dl_config.o ./startup_mspm0g350x_ticlang.o ./app/app_car.o ./app/app_debug.o ./app/app_scheduler.o ./bsp/bsp_board.o ./bsp/bsp_encoder.o ./bsp/bsp_i2c.o ./bsp/bsp_imu_uart.o ./bsp/bsp_line_adc.o ./bsp/bsp_oled_soft_i2c.o ./bsp/bsp_tb6612.o ./bsp/bsp_time.o ./bsp/bsp_uart.o ./control/line_control.o ./control/pid.o ./control/speed_control.o ./control/vehicle_mixer.o ./drivers/encoder.o ./drivers/imu.o ./drivers/line_sensor.o ./drivers/motor.o ./drivers/oled.o ./drivers/oled_data.o ./drivers/tb6612.o ./empty_LP_MSPM0G3507_nortos_ticlang/Debug/ti_msp_dl_config.o -l./device_linker.cmd -ldevice.cmd.genlibs -llibc.a --start-group -llibc++.a -llibc++abi.a -llibc.a -llibsys.a -llibsysbm.a -llibclang_rt.builtins.a -llibclang_rt.profile.a --end-group</command_line>
   <link_time>0x6a6ca9b2</link_time>
   <link_errors>0x0</link_errors>
   <output_file>C:\Users\yang\Desktop\empty_LP_MSPM0G3507_nortos_ticlang\Debug\empty_LP_MSPM0G3507_nortos_ticlang.out</output_file>
   <entry_point>
      <name>_c_int00_noargs</name>
      <address>0x6059</address>
   </entry_point>
   <input_file_list>
      <input_file id="fl-1">
         <path>C:\Users\yang\Desktop\empty_LP_MSPM0G3507_nortos_ticlang\Debug\.\</path>
         <kind>object</kind>
         <file>empty.o</file>
         <name>empty.o</name>
      </input_file>
      <input_file id="fl-2">
         <path>C:\Users\yang\Desktop\empty_LP_MSPM0G3507_nortos_ticlang\Debug\.\</path>
         <kind>object</kind>
         <file>ti_msp_dl_config.o</file>
         <name>ti_msp_dl_config.o</name>
      </input_file>
      <input_file id="fl-3">
         <path>C:\Users\yang\Desktop\empty_LP_MSPM0G3507_nortos_ticlang\Debug\.\</path>
         <kind>object</kind>
         <file>startup_mspm0g350x_ticlang.o</file>
         <name>startup_mspm0g350x_ticlang.o</name>
      </input_file>
      <input_file id="fl-4">
         <path>C:\Users\yang\Desktop\empty_LP_MSPM0G3507_nortos_ticlang\Debug\.\app\</path>
         <kind>object</kind>
         <file>app_car.o</file>
         <name>app_car.o</name>
      </input_file>
      <input_file id="fl-5">
         <path>C:\Users\yang\Desktop\empty_LP_MSPM0G3507_nortos_ticlang\Debug\.\app\</path>
         <kind>object</kind>
         <file>app_debug.o</file>
         <name>app_debug.o</name>
      </input_file>
      <input_file id="fl-6">
         <path>C:\Users\yang\Desktop\empty_LP_MSPM0G3507_nortos_ticlang\Debug\.\app\</path>
         <kind>object</kind>
         <file>app_scheduler.o</file>
         <name>app_scheduler.o</name>
      </input_file>
      <input_file id="fl-7">
         <path>C:\Users\yang\Desktop\empty_LP_MSPM0G3507_nortos_ticlang\Debug\.\bsp\</path>
         <kind>object</kind>
         <file>bsp_board.o</file>
         <name>bsp_board.o</name>
      </input_file>
      <input_file id="fl-8">
         <path>C:\Users\yang\Desktop\empty_LP_MSPM0G3507_nortos_ticlang\Debug\.\bsp\</path>
         <kind>object</kind>
         <file>bsp_encoder.o</file>
         <name>bsp_encoder.o</name>
      </input_file>
      <input_file id="fl-9">
         <path>C:\Users\yang\Desktop\empty_LP_MSPM0G3507_nortos_ticlang\Debug\.\bsp\</path>
         <kind>object</kind>
         <file>bsp_i2c.o</file>
         <name>bsp_i2c.o</name>
      </input_file>
      <input_file id="fl-a">
         <path>C:\Users\yang\Desktop\empty_LP_MSPM0G3507_nortos_ticlang\Debug\.\bsp\</path>
         <kind>object</kind>
         <file>bsp_imu_uart.o</file>
         <name>bsp_imu_uart.o</name>
      </input_file>
      <input_file id="fl-b">
         <path>C:\Users\yang\Desktop\empty_LP_MSPM0G3507_nortos_ticlang\Debug\.\bsp\</path>
         <kind>object</kind>
         <file>bsp_line_adc.o</file>
         <name>bsp_line_adc.o</name>
      </input_file>
      <input_file id="fl-c">
         <path>C:\Users\yang\Desktop\empty_LP_MSPM0G3507_nortos_ticlang\Debug\.\bsp\</path>
         <kind>object</kind>
         <file>bsp_oled_soft_i2c.o</file>
         <name>bsp_oled_soft_i2c.o</name>
      </input_file>
      <input_file id="fl-d">
         <path>C:\Users\yang\Desktop\empty_LP_MSPM0G3507_nortos_ticlang\Debug\.\bsp\</path>
         <kind>object</kind>
         <file>bsp_tb6612.o</file>
         <name>bsp_tb6612.o</name>
      </input_file>
      <input_file id="fl-e">
         <path>C:\Users\yang\Desktop\empty_LP_MSPM0G3507_nortos_ticlang\Debug\.\bsp\</path>
         <kind>object</kind>
         <file>bsp_time.o</file>
         <name>bsp_time.o</name>
      </input_file>
      <input_file id="fl-f">
         <path>C:\Users\yang\Desktop\empty_LP_MSPM0G3507_nortos_ticlang\Debug\.\bsp\</path>
         <kind>object</kind>
         <file>bsp_uart.o</file>
         <name>bsp_uart.o</name>
      </input_file>
      <input_file id="fl-10">
         <path>C:\Users\yang\Desktop\empty_LP_MSPM0G3507_nortos_ticlang\Debug\.\control\</path>
         <kind>object</kind>
         <file>line_control.o</file>
         <name>line_control.o</name>
      </input_file>
      <input_file id="fl-11">
         <path>C:\Users\yang\Desktop\empty_LP_MSPM0G3507_nortos_ticlang\Debug\.\control\</path>
         <kind>object</kind>
         <file>pid.o</file>
         <name>pid.o</name>
      </input_file>
      <input_file id="fl-12">
         <path>C:\Users\yang\Desktop\empty_LP_MSPM0G3507_nortos_ticlang\Debug\.\control\</path>
         <kind>object</kind>
         <file>speed_control.o</file>
         <name>speed_control.o</name>
      </input_file>
      <input_file id="fl-13">
         <path>C:\Users\yang\Desktop\empty_LP_MSPM0G3507_nortos_ticlang\Debug\.\control\</path>
         <kind>object</kind>
         <file>vehicle_mixer.o</file>
         <name>vehicle_mixer.o</name>
      </input_file>
      <input_file id="fl-14">
         <path>C:\Users\yang\Desktop\empty_LP_MSPM0G3507_nortos_ticlang\Debug\.\drivers\</path>
         <kind>object</kind>
         <file>encoder.o</file>
         <name>encoder.o</name>
      </input_file>
      <input_file id="fl-15">
         <path>C:\Users\yang\Desktop\empty_LP_MSPM0G3507_nortos_ticlang\Debug\.\drivers\</path>
         <kind>object</kind>
         <file>imu.o</file>
         <name>imu.o</name>
      </input_file>
      <input_file id="fl-16">
         <path>C:\Users\yang\Desktop\empty_LP_MSPM0G3507_nortos_ticlang\Debug\.\drivers\</path>
         <kind>object</kind>
         <file>line_sensor.o</file>
         <name>line_sensor.o</name>
      </input_file>
      <input_file id="fl-17">
         <path>C:\Users\yang\Desktop\empty_LP_MSPM0G3507_nortos_ticlang\Debug\.\drivers\</path>
         <kind>object</kind>
         <file>motor.o</file>
         <name>motor.o</name>
      </input_file>
      <input_file id="fl-18">
         <path>C:\Users\yang\Desktop\empty_LP_MSPM0G3507_nortos_ticlang\Debug\.\drivers\</path>
         <kind>object</kind>
         <file>oled.o</file>
         <name>oled.o</name>
      </input_file>
      <input_file id="fl-19">
         <path>C:\Users\yang\Desktop\empty_LP_MSPM0G3507_nortos_ticlang\Debug\.\drivers\</path>
         <kind>object</kind>
         <file>oled_data.o</file>
         <name>oled_data.o</name>
      </input_file>
      <input_file id="fl-1a">
         <path>C:\Users\yang\Desktop\empty_LP_MSPM0G3507_nortos_ticlang\Debug\.\drivers\</path>
         <kind>object</kind>
         <file>tb6612.o</file>
         <name>tb6612.o</name>
      </input_file>
      <input_file id="fl-1b">
         <path>C:\Users\yang\Desktop\empty_LP_MSPM0G3507_nortos_ticlang\Debug\.\empty_LP_MSPM0G3507_nortos_ticlang\Debug\</path>
         <kind>object</kind>
         <file>ti_msp_dl_config.o</file>
         <name>ti_msp_dl_config.o</name>
      </input_file>
      <input_file id="fl-28">
         <path>C:\Users\yang\Desktop\empty_LP_MSPM0G3507_nortos_ticlang\Debug\</path>
         <kind>object</kind>
         <file>&lt;internal&gt;</file>
         <name>&lt;internal&gt;</name>
      </input_file>
      <input_file id="fl-29">
         <path>C:\ti\mspm0_sdk_2_11_00_07\source\ti\driverlib\lib\ticlang\m0p\mspm0g1x0x_g3x0x\</path>
         <kind>archive</kind>
         <file>driverlib.a</file>
         <name>dl_adc12.o</name>
      </input_file>
      <input_file id="fl-2a">
         <path>C:\ti\mspm0_sdk_2_11_00_07\source\ti\driverlib\lib\ticlang\m0p\mspm0g1x0x_g3x0x\</path>
         <kind>archive</kind>
         <file>driverlib.a</file>
         <name>dl_common.o</name>
      </input_file>
      <input_file id="fl-2b">
         <path>C:\ti\mspm0_sdk_2_11_00_07\source\ti\driverlib\lib\ticlang\m0p\mspm0g1x0x_g3x0x\</path>
         <kind>archive</kind>
         <file>driverlib.a</file>
         <name>dl_timer.o</name>
      </input_file>
      <input_file id="fl-2c">
         <path>C:\ti\mspm0_sdk_2_11_00_07\source\ti\driverlib\lib\ticlang\m0p\mspm0g1x0x_g3x0x\</path>
         <kind>archive</kind>
         <file>driverlib.a</file>
         <name>dl_uart.o</name>
      </input_file>
      <input_file id="fl-2d">
         <path>C:\ti\mspm0_sdk_2_11_00_07\source\ti\driverlib\lib\ticlang\m0p\mspm0g1x0x_g3x0x\</path>
         <kind>archive</kind>
         <file>driverlib.a</file>
         <name>dl_sysctl_mspm0g1x0x_g3x0x.o</name>
      </input_file>
      <input_file id="fl-4a">
         <path>C:\ti\ccs2100\ccs\tools\compiler\ti-cgt-armllvm_5.1.1.LTS\lib\armv6m-ti-none-eabi\c\</path>
         <kind>archive</kind>
         <file>libc.a</file>
         <name>e_atan2.c.obj</name>
      </input_file>
      <input_file id="fl-4b">
         <path>C:\ti\ccs2100\ccs\tools\compiler\ti-cgt-armllvm_5.1.1.LTS\lib\armv6m-ti-none-eabi\c\</path>
         <kind>archive</kind>
         <file>libc.a</file>
         <name>s_atan.c.obj</name>
      </input_file>
      <input_file id="fl-4c">
         <path>C:\ti\ccs2100\ccs\tools\compiler\ti-cgt-armllvm_5.1.1.LTS\lib\armv6m-ti-none-eabi\c\</path>
         <kind>archive</kind>
         <file>libc.a</file>
         <name>s_round.c.obj</name>
      </input_file>
      <input_file id="fl-4d">
         <path>C:\ti\ccs2100\ccs\tools\compiler\ti-cgt-armllvm_5.1.1.LTS\lib\armv6m-ti-none-eabi\c\</path>
         <kind>archive</kind>
         <file>libc.a</file>
         <name>snprintf.c.obj</name>
      </input_file>
      <input_file id="fl-4e">
         <path>C:\ti\ccs2100\ccs\tools\compiler\ti-cgt-armllvm_5.1.1.LTS\lib\armv6m-ti-none-eabi\c\</path>
         <kind>archive</kind>
         <file>libc.a</file>
         <name>vsnprintf.c.obj</name>
      </input_file>
      <input_file id="fl-4f">
         <path>C:\ti\ccs2100\ccs\tools\compiler\ti-cgt-armllvm_5.1.1.LTS\lib\armv6m-ti-none-eabi\c\</path>
         <kind>archive</kind>
         <file>libc.a</file>
         <name>strcmp-armv6m.S.obj</name>
      </input_file>
      <input_file id="fl-50">
         <path>C:\ti\ccs2100\ccs\tools\compiler\ti-cgt-armllvm_5.1.1.LTS\lib\armv6m-ti-none-eabi\c\</path>
         <kind>archive</kind>
         <file>libc.a</file>
         <name>boot_cortex_m.c.obj</name>
      </input_file>
      <input_file id="fl-51">
         <path>C:\ti\ccs2100\ccs\tools\compiler\ti-cgt-armllvm_5.1.1.LTS\lib\armv6m-ti-none-eabi\c\</path>
         <kind>archive</kind>
         <file>libc.a</file>
         <name>mathacl_init.c.obj</name>
      </input_file>
      <input_file id="fl-52">
         <path>C:\ti\ccs2100\ccs\tools\compiler\ti-cgt-armllvm_5.1.1.LTS\lib\armv6m-ti-none-eabi\c\</path>
         <kind>archive</kind>
         <file>libc.a</file>
         <name>autoinit.c.obj</name>
      </input_file>
      <input_file id="fl-53">
         <path>C:\ti\ccs2100\ccs\tools\compiler\ti-cgt-armllvm_5.1.1.LTS\lib\armv6m-ti-none-eabi\c\</path>
         <kind>archive</kind>
         <file>libc.a</file>
         <name>pre_init.c.obj</name>
      </input_file>
      <input_file id="fl-54">
         <path>C:\ti\ccs2100\ccs\tools\compiler\ti-cgt-armllvm_5.1.1.LTS\lib\armv6m-ti-none-eabi\c\</path>
         <kind>archive</kind>
         <file>libc.a</file>
         <name>cpy_tbl.c.obj</name>
      </input_file>
      <input_file id="fl-55">
         <path>C:\ti\ccs2100\ccs\tools\compiler\ti-cgt-armllvm_5.1.1.LTS\lib\armv6m-ti-none-eabi\c\</path>
         <kind>archive</kind>
         <file>libc.a</file>
         <name>copy_zero_init.c.obj</name>
      </input_file>
      <input_file id="fl-56">
         <path>C:\ti\ccs2100\ccs\tools\compiler\ti-cgt-armllvm_5.1.1.LTS\lib\armv6m-ti-none-eabi\c\</path>
         <kind>archive</kind>
         <file>libc.a</file>
         <name>copy_decompress_none.c.obj</name>
      </input_file>
      <input_file id="fl-57">
         <path>C:\ti\ccs2100\ccs\tools\compiler\ti-cgt-armllvm_5.1.1.LTS\lib\armv6m-ti-none-eabi\c\</path>
         <kind>archive</kind>
         <file>libc.a</file>
         <name>copy_decompress_lzss.c.obj</name>
      </input_file>
      <input_file id="fl-58">
         <path>C:\ti\ccs2100\ccs\tools\compiler\ti-cgt-armllvm_5.1.1.LTS\lib\armv6m-ti-none-eabi\c\</path>
         <kind>archive</kind>
         <file>libc.a</file>
         <name>s_floor.c.obj</name>
      </input_file>
      <input_file id="fl-59">
         <path>C:\ti\ccs2100\ccs\tools\compiler\ti-cgt-armllvm_5.1.1.LTS\lib\armv6m-ti-none-eabi\c\</path>
         <kind>archive</kind>
         <file>libc.a</file>
         <name>_printfi.c.obj</name>
      </input_file>
      <input_file id="fl-5a">
         <path>C:\ti\ccs2100\ccs\tools\compiler\ti-cgt-armllvm_5.1.1.LTS\lib\armv6m-ti-none-eabi\c\</path>
         <kind>archive</kind>
         <file>libc.a</file>
         <name>aeabi_portable.c.obj</name>
      </input_file>
      <input_file id="fl-5b">
         <path>C:\ti\ccs2100\ccs\tools\compiler\ti-cgt-armllvm_5.1.1.LTS\lib\armv6m-ti-none-eabi\c\</path>
         <kind>archive</kind>
         <file>libc.a</file>
         <name>exit.c.obj</name>
      </input_file>
      <input_file id="fl-5c">
         <path>C:\ti\ccs2100\ccs\tools\compiler\ti-cgt-armllvm_5.1.1.LTS\lib\armv6m-ti-none-eabi\c\</path>
         <kind>archive</kind>
         <file>libc.a</file>
         <name>_lock.c.obj</name>
      </input_file>
      <input_file id="fl-5d">
         <path>C:\ti\ccs2100\ccs\tools\compiler\ti-cgt-armllvm_5.1.1.LTS\lib\armv6m-ti-none-eabi\c\</path>
         <kind>archive</kind>
         <file>libc.a</file>
         <name>_ltoa.c.obj</name>
      </input_file>
      <input_file id="fl-5e">
         <path>C:\ti\ccs2100\ccs\tools\compiler\ti-cgt-armllvm_5.1.1.LTS\lib\armv6m-ti-none-eabi\c\</path>
         <kind>archive</kind>
         <file>libc.a</file>
         <name>args_main.c.obj</name>
      </input_file>
      <input_file id="fl-5f">
         <path>C:\ti\ccs2100\ccs\tools\compiler\ti-cgt-armllvm_5.1.1.LTS\lib\armv6m-ti-none-eabi\c\</path>
         <kind>archive</kind>
         <file>libc.a</file>
         <name>assert.c.obj</name>
      </input_file>
      <input_file id="fl-60">
         <path>C:\ti\ccs2100\ccs\tools\compiler\ti-cgt-armllvm_5.1.1.LTS\lib\armv6m-ti-none-eabi\c\</path>
         <kind>archive</kind>
         <file>libc.a</file>
         <name>atoi.c.obj</name>
      </input_file>
      <input_file id="fl-61">
         <path>C:\ti\ccs2100\ccs\tools\compiler\ti-cgt-armllvm_5.1.1.LTS\lib\armv6m-ti-none-eabi\c\</path>
         <kind>archive</kind>
         <file>libc.a</file>
         <name>defs.c.obj</name>
      </input_file>
      <input_file id="fl-62">
         <path>C:\ti\ccs2100\ccs\tools\compiler\ti-cgt-armllvm_5.1.1.LTS\lib\armv6m-ti-none-eabi\c\</path>
         <kind>archive</kind>
         <file>libc.a</file>
         <name>memccpy.c.obj</name>
      </input_file>
      <input_file id="fl-63">
         <path>C:\ti\ccs2100\ccs\tools\compiler\ti-cgt-armllvm_5.1.1.LTS\lib\armv6m-ti-none-eabi\c\</path>
         <kind>archive</kind>
         <file>libc.a</file>
         <name>memory.c.obj</name>
      </input_file>
      <input_file id="fl-64">
         <path>C:\ti\ccs2100\ccs\tools\compiler\ti-cgt-armllvm_5.1.1.LTS\lib\armv6m-ti-none-eabi\c\</path>
         <kind>archive</kind>
         <file>libc.a</file>
         <name>s_frexp.c.obj</name>
      </input_file>
      <input_file id="fl-65">
         <path>C:\ti\ccs2100\ccs\tools\compiler\ti-cgt-armllvm_5.1.1.LTS\lib\armv6m-ti-none-eabi\c\</path>
         <kind>archive</kind>
         <file>libc.a</file>
         <name>s_scalbn.c.obj</name>
      </input_file>
      <input_file id="fl-66">
         <path>C:\ti\ccs2100\ccs\tools\compiler\ti-cgt-armllvm_5.1.1.LTS\lib\armv6m-ti-none-eabi\c\</path>
         <kind>archive</kind>
         <file>libc.a</file>
         <name>wcslen.c.obj</name>
      </input_file>
      <input_file id="fl-67">
         <path>C:\ti\ccs2100\ccs\tools\compiler\ti-cgt-armllvm_5.1.1.LTS\lib\armv6m-ti-none-eabi\c\</path>
         <kind>archive</kind>
         <file>libc.a</file>
         <name>sprintf.c.obj</name>
      </input_file>
      <input_file id="fl-68">
         <path>C:\ti\ccs2100\ccs\tools\compiler\ti-cgt-armllvm_5.1.1.LTS\lib\armv6m-ti-none-eabi\c\</path>
         <kind>archive</kind>
         <file>libc.a</file>
         <name>fflush.c.obj</name>
      </input_file>
      <input_file id="fl-69">
         <path>C:\ti\ccs2100\ccs\tools\compiler\ti-cgt-armllvm_5.1.1.LTS\lib\armv6m-ti-none-eabi\c\</path>
         <kind>archive</kind>
         <file>libc.a</file>
         <name>fputs.c.obj</name>
      </input_file>
      <input_file id="fl-6a">
         <path>C:\ti\ccs2100\ccs\tools\compiler\ti-cgt-armllvm_5.1.1.LTS\lib\armv6m-ti-none-eabi\c\</path>
         <kind>archive</kind>
         <file>libc.a</file>
         <name>_io_perm.c.obj</name>
      </input_file>
      <input_file id="fl-6b">
         <path>C:\ti\ccs2100\ccs\tools\compiler\ti-cgt-armllvm_5.1.1.LTS\lib\armv6m-ti-none-eabi\c\</path>
         <kind>archive</kind>
         <file>libc.a</file>
         <name>setvbuf.c.obj</name>
      </input_file>
      <input_file id="fl-6c">
         <path>C:\ti\ccs2100\ccs\tools\compiler\ti-cgt-armllvm_5.1.1.LTS\lib\armv6m-ti-none-eabi\c\</path>
         <kind>archive</kind>
         <file>libc.a</file>
         <name>aeabi_ctype.S.obj</name>
      </input_file>
      <input_file id="fl-6d">
         <path>C:\ti\ccs2100\ccs\tools\compiler\ti-cgt-armllvm_5.1.1.LTS\lib\armv6m-ti-none-eabi\c\</path>
         <kind>archive</kind>
         <file>libc.a</file>
         <name>fopen.c.obj</name>
      </input_file>
      <input_file id="fl-6e">
         <path>C:\ti\ccs2100\ccs\tools\compiler\ti-cgt-armllvm_5.1.1.LTS\lib\armv6m-ti-none-eabi\c\</path>
         <kind>archive</kind>
         <file>libc.a</file>
         <name>fseek.c.obj</name>
      </input_file>
      <input_file id="fl-6f">
         <path>C:\ti\ccs2100\ccs\tools\compiler\ti-cgt-armllvm_5.1.1.LTS\lib\armv6m-ti-none-eabi\c\</path>
         <kind>archive</kind>
         <file>libc.a</file>
         <name>fclose.c.obj</name>
      </input_file>
      <input_file id="fl-163">
         <path>C:\ti\ccs2100\ccs\tools\compiler\ti-cgt-armllvm_5.1.1.LTS\lib\armv6m-ti-none-eabi\c\</path>
         <kind>archive</kind>
         <file>libsysbm.a</file>
         <name>hostexit.c.obj</name>
      </input_file>
      <input_file id="fl-164">
         <path>C:\ti\ccs2100\ccs\tools\compiler\ti-cgt-armllvm_5.1.1.LTS\lib\armv6m-ti-none-eabi\c\</path>
         <kind>archive</kind>
         <file>libsysbm.a</file>
         <name>write.c.obj</name>
      </input_file>
      <input_file id="fl-165">
         <path>C:\ti\ccs2100\ccs\tools\compiler\ti-cgt-armllvm_5.1.1.LTS\lib\armv6m-ti-none-eabi\c\</path>
         <kind>archive</kind>
         <file>libsysbm.a</file>
         <name>host_device.c.obj</name>
      </input_file>
      <input_file id="fl-166">
         <path>C:\ti\ccs2100\ccs\tools\compiler\ti-cgt-armllvm_5.1.1.LTS\lib\armv6m-ti-none-eabi\c\</path>
         <kind>archive</kind>
         <file>libsysbm.a</file>
         <name>remove.c.obj</name>
      </input_file>
      <input_file id="fl-167">
         <path>C:\ti\ccs2100\ccs\tools\compiler\ti-cgt-armllvm_5.1.1.LTS\lib\armv6m-ti-none-eabi\c\</path>
         <kind>archive</kind>
         <file>libsysbm.a</file>
         <name>open.c.obj</name>
      </input_file>
      <input_file id="fl-168">
         <path>C:\ti\ccs2100\ccs\tools\compiler\ti-cgt-armllvm_5.1.1.LTS\lib\armv6m-ti-none-eabi\c\</path>
         <kind>archive</kind>
         <file>libsysbm.a</file>
         <name>lseek.c.obj</name>
      </input_file>
      <input_file id="fl-169">
         <path>C:\ti\ccs2100\ccs\tools\compiler\ti-cgt-armllvm_5.1.1.LTS\lib\armv6m-ti-none-eabi\c\</path>
         <kind>archive</kind>
         <file>libsysbm.a</file>
         <name>close.c.obj</name>
      </input_file>
      <input_file id="fl-16a">
         <path>C:\ti\ccs2100\ccs\tools\compiler\ti-cgt-armllvm_5.1.1.LTS\lib\armv6m-ti-none-eabi\c\</path>
         <kind>archive</kind>
         <file>libsysbm.a</file>
         <name>unlink.c.obj</name>
      </input_file>
      <input_file id="fl-16b">
         <path>C:\ti\ccs2100\ccs\tools\compiler\ti-cgt-armllvm_5.1.1.LTS\lib\armv6m-ti-none-eabi\c\</path>
         <kind>archive</kind>
         <file>libsysbm.a</file>
         <name>hostclose.c.obj</name>
      </input_file>
      <input_file id="fl-16c">
         <path>C:\ti\ccs2100\ccs\tools\compiler\ti-cgt-armllvm_5.1.1.LTS\lib\armv6m-ti-none-eabi\c\</path>
         <kind>archive</kind>
         <file>libsysbm.a</file>
         <name>hostlseek.c.obj</name>
      </input_file>
      <input_file id="fl-16d">
         <path>C:\ti\ccs2100\ccs\tools\compiler\ti-cgt-armllvm_5.1.1.LTS\lib\armv6m-ti-none-eabi\c\</path>
         <kind>archive</kind>
         <file>libsysbm.a</file>
         <name>hostopen.c.obj</name>
      </input_file>
      <input_file id="fl-16e">
         <path>C:\ti\ccs2100\ccs\tools\compiler\ti-cgt-armllvm_5.1.1.LTS\lib\armv6m-ti-none-eabi\c\</path>
         <kind>archive</kind>
         <file>libsysbm.a</file>
         <name>hostread.c.obj</name>
      </input_file>
      <input_file id="fl-16f">
         <path>C:\ti\ccs2100\ccs\tools\compiler\ti-cgt-armllvm_5.1.1.LTS\lib\armv6m-ti-none-eabi\c\</path>
         <kind>archive</kind>
         <file>libsysbm.a</file>
         <name>hostrename.c.obj</name>
      </input_file>
      <input_file id="fl-170">
         <path>C:\ti\ccs2100\ccs\tools\compiler\ti-cgt-armllvm_5.1.1.LTS\lib\armv6m-ti-none-eabi\c\</path>
         <kind>archive</kind>
         <file>libsysbm.a</file>
         <name>hostunlink.c.obj</name>
      </input_file>
      <input_file id="fl-171">
         <path>C:\ti\ccs2100\ccs\tools\compiler\ti-cgt-armllvm_5.1.1.LTS\lib\armv6m-ti-none-eabi\c\</path>
         <kind>archive</kind>
         <file>libsysbm.a</file>
         <name>hostwrite.c.obj</name>
      </input_file>
      <input_file id="fl-172">
         <path>C:\ti\ccs2100\ccs\tools\compiler\ti-cgt-armllvm_5.1.1.LTS\lib\armv6m-ti-none-eabi\c\</path>
         <kind>archive</kind>
         <file>libsysbm.a</file>
         <name>trgmsg.c.obj</name>
      </input_file>
      <input_file id="fl-173">
         <path>C:\ti\ccs2100\ccs\tools\compiler\ti-cgt-armllvm_5.1.1.LTS\lib\armv6m-ti-none-eabi\</path>
         <kind>archive</kind>
         <file>libclang_rt.builtins.a</file>
         <name>addsf3.S.obj</name>
      </input_file>
      <input_file id="fl-174">
         <path>C:\ti\ccs2100\ccs\tools\compiler\ti-cgt-armllvm_5.1.1.LTS\lib\armv6m-ti-none-eabi\</path>
         <kind>archive</kind>
         <file>libclang_rt.builtins.a</file>
         <name>adddf3.S.obj</name>
      </input_file>
      <input_file id="fl-175">
         <path>C:\ti\ccs2100\ccs\tools\compiler\ti-cgt-armllvm_5.1.1.LTS\lib\armv6m-ti-none-eabi\</path>
         <kind>archive</kind>
         <file>libclang_rt.builtins.a</file>
         <name>mulsf3.S.obj</name>
      </input_file>
      <input_file id="fl-176">
         <path>C:\ti\ccs2100\ccs\tools\compiler\ti-cgt-armllvm_5.1.1.LTS\lib\armv6m-ti-none-eabi\</path>
         <kind>archive</kind>
         <file>libclang_rt.builtins.a</file>
         <name>divsf3.S.obj</name>
      </input_file>
      <input_file id="fl-177">
         <path>C:\ti\ccs2100\ccs\tools\compiler\ti-cgt-armllvm_5.1.1.LTS\lib\armv6m-ti-none-eabi\</path>
         <kind>archive</kind>
         <file>libclang_rt.builtins.a</file>
         <name>extendsfdf2.S.obj</name>
      </input_file>
      <input_file id="fl-178">
         <path>C:\ti\ccs2100\ccs\tools\compiler\ti-cgt-armllvm_5.1.1.LTS\lib\armv6m-ti-none-eabi\</path>
         <kind>archive</kind>
         <file>libclang_rt.builtins.a</file>
         <name>fixdfsi.S.obj</name>
      </input_file>
      <input_file id="fl-179">
         <path>C:\ti\ccs2100\ccs\tools\compiler\ti-cgt-armllvm_5.1.1.LTS\lib\armv6m-ti-none-eabi\</path>
         <kind>archive</kind>
         <file>libclang_rt.builtins.a</file>
         <name>fixsfsi.S.obj</name>
      </input_file>
      <input_file id="fl-17a">
         <path>C:\ti\ccs2100\ccs\tools\compiler\ti-cgt-armllvm_5.1.1.LTS\lib\armv6m-ti-none-eabi\</path>
         <kind>archive</kind>
         <file>libclang_rt.builtins.a</file>
         <name>fixunsdfsi.S.obj</name>
      </input_file>
      <input_file id="fl-17b">
         <path>C:\ti\ccs2100\ccs\tools\compiler\ti-cgt-armllvm_5.1.1.LTS\lib\armv6m-ti-none-eabi\</path>
         <kind>archive</kind>
         <file>libclang_rt.builtins.a</file>
         <name>fixunssfsi.S.obj</name>
      </input_file>
      <input_file id="fl-17c">
         <path>C:\ti\ccs2100\ccs\tools\compiler\ti-cgt-armllvm_5.1.1.LTS\lib\armv6m-ti-none-eabi\</path>
         <kind>archive</kind>
         <file>libclang_rt.builtins.a</file>
         <name>floatdisf.S.obj</name>
      </input_file>
      <input_file id="fl-17d">
         <path>C:\ti\ccs2100\ccs\tools\compiler\ti-cgt-armllvm_5.1.1.LTS\lib\armv6m-ti-none-eabi\</path>
         <kind>archive</kind>
         <file>libclang_rt.builtins.a</file>
         <name>floatsidf.S.obj</name>
      </input_file>
      <input_file id="fl-17e">
         <path>C:\ti\ccs2100\ccs\tools\compiler\ti-cgt-armllvm_5.1.1.LTS\lib\armv6m-ti-none-eabi\</path>
         <kind>archive</kind>
         <file>libclang_rt.builtins.a</file>
         <name>floatsisf.S.obj</name>
      </input_file>
      <input_file id="fl-17f">
         <path>C:\ti\ccs2100\ccs\tools\compiler\ti-cgt-armllvm_5.1.1.LTS\lib\armv6m-ti-none-eabi\</path>
         <kind>archive</kind>
         <file>libclang_rt.builtins.a</file>
         <name>floatunsidf.S.obj</name>
      </input_file>
      <input_file id="fl-180">
         <path>C:\ti\ccs2100\ccs\tools\compiler\ti-cgt-armllvm_5.1.1.LTS\lib\armv6m-ti-none-eabi\</path>
         <kind>archive</kind>
         <file>libclang_rt.builtins.a</file>
         <name>floatunsisf.S.obj</name>
      </input_file>
      <input_file id="fl-181">
         <path>C:\ti\ccs2100\ccs\tools\compiler\ti-cgt-armllvm_5.1.1.LTS\lib\armv6m-ti-none-eabi\</path>
         <kind>archive</kind>
         <file>libclang_rt.builtins.a</file>
         <name>muldi3.S.obj</name>
      </input_file>
      <input_file id="fl-182">
         <path>C:\ti\ccs2100\ccs\tools\compiler\ti-cgt-armllvm_5.1.1.LTS\lib\armv6m-ti-none-eabi\</path>
         <kind>archive</kind>
         <file>libclang_rt.builtins.a</file>
         <name>truncdfsf2.S.obj</name>
      </input_file>
      <input_file id="fl-183">
         <path>C:\ti\ccs2100\ccs\tools\compiler\ti-cgt-armllvm_5.1.1.LTS\lib\armv6m-ti-none-eabi\</path>
         <kind>archive</kind>
         <file>libclang_rt.builtins.a</file>
         <name>comparedf2.c.obj</name>
      </input_file>
      <input_file id="fl-184">
         <path>C:\ti\ccs2100\ccs\tools\compiler\ti-cgt-armllvm_5.1.1.LTS\lib\armv6m-ti-none-eabi\</path>
         <kind>archive</kind>
         <file>libclang_rt.builtins.a</file>
         <name>aeabi_dcmp.S.obj</name>
      </input_file>
      <input_file id="fl-185">
         <path>C:\ti\ccs2100\ccs\tools\compiler\ti-cgt-armllvm_5.1.1.LTS\lib\armv6m-ti-none-eabi\</path>
         <kind>archive</kind>
         <file>libclang_rt.builtins.a</file>
         <name>aeabi_ddiv.c.obj</name>
      </input_file>
      <input_file id="fl-186">
         <path>C:\ti\ccs2100\ccs\tools\compiler\ti-cgt-armllvm_5.1.1.LTS\lib\armv6m-ti-none-eabi\</path>
         <kind>archive</kind>
         <file>libclang_rt.builtins.a</file>
         <name>aeabi_dmul.c.obj</name>
      </input_file>
      <input_file id="fl-187">
         <path>C:\ti\ccs2100\ccs\tools\compiler\ti-cgt-armllvm_5.1.1.LTS\lib\armv6m-ti-none-eabi\</path>
         <kind>archive</kind>
         <file>libclang_rt.builtins.a</file>
         <name>aeabi_fcmp.S.obj</name>
      </input_file>
      <input_file id="fl-188">
         <path>C:\ti\ccs2100\ccs\tools\compiler\ti-cgt-armllvm_5.1.1.LTS\lib\armv6m-ti-none-eabi\</path>
         <kind>archive</kind>
         <file>libclang_rt.builtins.a</file>
         <name>aeabi_idivmod.S.obj</name>
      </input_file>
      <input_file id="fl-189">
         <path>C:\ti\ccs2100\ccs\tools\compiler\ti-cgt-armllvm_5.1.1.LTS\lib\armv6m-ti-none-eabi\</path>
         <kind>archive</kind>
         <file>libclang_rt.builtins.a</file>
         <name>aeabi_uidivmod.S.obj</name>
      </input_file>
      <input_file id="fl-18a">
         <path>C:\ti\ccs2100\ccs\tools\compiler\ti-cgt-armllvm_5.1.1.LTS\lib\armv6m-ti-none-eabi\</path>
         <kind>archive</kind>
         <file>libclang_rt.builtins.a</file>
         <name>aeabi_uldivmod.S.obj</name>
      </input_file>
      <input_file id="fl-18b">
         <path>C:\ti\ccs2100\ccs\tools\compiler\ti-cgt-armllvm_5.1.1.LTS\lib\armv6m-ti-none-eabi\</path>
         <kind>archive</kind>
         <file>libclang_rt.builtins.a</file>
         <name>aeabi_memcpy.S.obj</name>
      </input_file>
      <input_file id="fl-18c">
         <path>C:\ti\ccs2100\ccs\tools\compiler\ti-cgt-armllvm_5.1.1.LTS\lib\armv6m-ti-none-eabi\</path>
         <kind>archive</kind>
         <file>libclang_rt.builtins.a</file>
         <name>aeabi_memset.S.obj</name>
      </input_file>
      <input_file id="fl-18d">
         <path>C:\ti\ccs2100\ccs\tools\compiler\ti-cgt-armllvm_5.1.1.LTS\lib\armv6m-ti-none-eabi\</path>
         <kind>archive</kind>
         <file>libclang_rt.builtins.a</file>
         <name>comparesf2.S.obj</name>
      </input_file>
      <input_file id="fl-18e">
         <path>C:\ti\ccs2100\ccs\tools\compiler\ti-cgt-armllvm_5.1.1.LTS\lib\armv6m-ti-none-eabi\</path>
         <kind>archive</kind>
         <file>libclang_rt.builtins.a</file>
         <name>udivmoddi4.S.obj</name>
      </input_file>
      <input_file id="fl-18f">
         <path>C:\ti\ccs2100\ccs\tools\compiler\ti-cgt-armllvm_5.1.1.LTS\lib\armv6m-ti-none-eabi\</path>
         <kind>archive</kind>
         <file>libclang_rt.builtins.a</file>
         <name>muldf3.S.obj</name>
      </input_file>
      <input_file id="fl-190">
         <path>C:\ti\ccs2100\ccs\tools\compiler\ti-cgt-armllvm_5.1.1.LTS\lib\armv6m-ti-none-eabi\</path>
         <kind>archive</kind>
         <file>libclang_rt.builtins.a</file>
         <name>muldsi3.S.obj</name>
      </input_file>
      <input_file id="fl-191">
         <path>C:\ti\ccs2100\ccs\tools\compiler\ti-cgt-armllvm_5.1.1.LTS\lib\armv6m-ti-none-eabi\</path>
         <kind>archive</kind>
         <file>libclang_rt.builtins.a</file>
         <name>ashldi3.S.obj</name>
      </input_file>
      <input_file id="fl-192">
         <path>C:\ti\ccs2100\ccs\tools\compiler\ti-cgt-armllvm_5.1.1.LTS\lib\armv6m-ti-none-eabi\</path>
         <kind>archive</kind>
         <file>libclang_rt.builtins.a</file>
         <name>divdf3.S.obj</name>
      </input_file>
      <input_file id="fl-193">
         <path>C:\ti\ccs2100\ccs\tools\compiler\ti-cgt-armllvm_5.1.1.LTS\lib\armv6m-ti-none-eabi\</path>
         <kind>archive</kind>
         <file>libclang_rt.builtins.a</file>
         <name>aeabi_div0.c.obj</name>
      </input_file>
      <input_file id="fl-194">
         <path>C:\ti\ccs2100\ccs\tools\compiler\ti-cgt-armllvm_5.1.1.LTS\lib\armv6m-ti-none-eabi\c\</path>
         <kind>archive</kind>
         <file>libc.a</file>
         <name>divdf3_fast.c.obj</name>
      </input_file>
      <input_file id="fl-195">
         <path>C:\ti\ccs2100\ccs\tools\compiler\ti-cgt-armllvm_5.1.1.LTS\lib\armv6m-ti-none-eabi\c\</path>
         <kind>archive</kind>
         <file>libc.a</file>
         <name>muldf3_fast.c.obj</name>
      </input_file>
      <input_file id="fl-196">
         <path>C:\ti\ccs2100\ccs\tools\compiler\ti-cgt-armllvm_5.1.1.LTS\lib\armv6m-ti-none-eabi\c\</path>
         <kind>archive</kind>
         <file>libc.a</file>
         <name>getdevice.c.obj</name>
      </input_file>
      <input_file id="fl-197">
         <path>C:\ti\ccs2100\ccs\tools\compiler\ti-cgt-armllvm_5.1.1.LTS\lib\armv6m-ti-none-eabi\c\</path>
         <kind>archive</kind>
         <file>libc.a</file>
         <name>memcpy16.S.obj</name>
      </input_file>
      <input_file id="fl-198">
         <path>C:\ti\ccs2100\ccs\tools\compiler\ti-cgt-armllvm_5.1.1.LTS\lib\armv6m-ti-none-eabi\c\</path>
         <kind>archive</kind>
         <file>libc.a</file>
         <name>memset16.S.obj</name>
      </input_file>
   </input_file_list>
   <object_component_list>
      <object_component id="oc-18">
         <name>.intvecs</name>
         <load_address>0x0</load_address>
         <readonly>true</readonly>
         <run_address>0x0</run_address>
         <size>0xc0</size>
         <alignment>0x4</alignment>
         <input_file_ref idref="fl-3"/>
      </object_component>
      <object_component id="oc-2de">
         <name>.text:__TI_printfi</name>
         <load_address>0xc0</load_address>
         <readonly>true</readonly>
         <executable>true</executable>
         <run_address>0xc0</run_address>
         <size>0xa7c</size>
         <alignment>0x4</alignment>
         <input_file_ref idref="fl-59"/>
      </object_component>
      <object_component id="oc-1fc">
         <name>.text.LineSensor_Sample</name>
         <load_address>0xb3c</load_address>
         <readonly>true</readonly>
         <executable>true</executable>
         <run_address>0xb3c</run_address>
         <size>0x42c</size>
         <alignment>0x4</alignment>
         <input_file_ref idref="fl-16"/>
      </object_component>
      <object_component id="oc-13e">
         <name>.text.App_Debug_PollCommands</name>
         <load_address>0xf68</load_address>
         <readonly>true</readonly>
         <executable>true</executable>
         <run_address>0xf68</run_address>
         <size>0x39c</size>
         <alignment>0x4</alignment>
         <input_file_ref idref="fl-5"/>
      </object_component>
      <object_component id="oc-385">
         <name>.text.__divdf3_fast</name>
         <load_address>0x1304</load_address>
         <readonly>true</readonly>
         <executable>true</executable>
         <run_address>0x1304</run_address>
         <size>0x2dc</size>
         <alignment>0x4</alignment>
         <input_file_ref idref="fl-194"/>
      </object_component>
      <object_component id="oc-1fb">
         <name>.text.IMU_Update</name>
         <load_address>0x15e0</load_address>
         <readonly>true</readonly>
         <executable>true</executable>
         <run_address>0x15e0</run_address>
         <size>0x2cc</size>
         <alignment>0x4</alignment>
         <input_file_ref idref="fl-15"/>
      </object_component>
      <object_component id="oc-15c">
         <name>.text.SYSCFG_DL_SYSCTL_SYSPLL_init</name>
         <load_address>0x18ac</load_address>
         <readonly>true</readonly>
         <executable>true</executable>
         <run_address>0x18ac</run_address>
         <size>0x2a8</size>
         <alignment>0x4</alignment>
         <input_file_ref idref="fl-2"/>
      </object_component>
      <object_component id="oc-2e7">
         <name>.text.OLED_ShowImage</name>
         <load_address>0x1b54</load_address>
         <readonly>true</readonly>
         <executable>true</executable>
         <run_address>0x1b54</run_address>
         <size>0x2a0</size>
         <alignment>0x4</alignment>
         <input_file_ref idref="fl-18"/>
      </object_component>
      <object_component id="oc-141">
         <name>.text.App_Car_ControlTask5ms</name>
         <load_address>0x1df4</load_address>
         <readonly>true</readonly>
         <executable>true</executable>
         <run_address>0x1df4</run_address>
         <size>0x23c</size>
         <alignment>0x4</alignment>
         <input_file_ref idref="fl-4"/>
      </object_component>
      <object_component id="oc-314">
         <name>.text._pconv_a</name>
         <load_address>0x2030</load_address>
         <readonly>true</readonly>
         <executable>true</executable>
         <run_address>0x2030</run_address>
         <size>0x20c</size>
         <alignment>0x4</alignment>
         <input_file_ref idref="fl-59"/>
      </object_component>
      <object_component id="oc-315">
         <name>.text._pconv_g</name>
         <load_address>0x223c</load_address>
         <readonly>true</readonly>
         <executable>true</executable>
         <run_address>0x223c</run_address>
         <size>0x1e0</size>
         <alignment>0x4</alignment>
         <input_file_ref idref="fl-59"/>
      </object_component>
      <object_component id="oc-37b">
         <name>.text.__muldf3_fast</name>
         <load_address>0x241c</load_address>
         <readonly>true</readonly>
         <executable>true</executable>
         <run_address>0x241c</run_address>
         <size>0x1d8</size>
         <alignment>0x4</alignment>
         <input_file_ref idref="fl-195"/>
      </object_component>
      <object_component id="oc-2b6">
         <name>.text.OLED_ShowString</name>
         <load_address>0x25f4</load_address>
         <readonly>true</readonly>
         <executable>true</executable>
         <run_address>0x25f4</run_address>
         <size>0x1cc</size>
         <alignment>0x4</alignment>
         <input_file_ref idref="fl-18"/>
      </object_component>
      <object_component id="oc-1cd">
         <name>.text.OLED_Init</name>
         <load_address>0x27c0</load_address>
         <readonly>true</readonly>
         <executable>true</executable>
         <run_address>0x27c0</run_address>
         <size>0x1a8</size>
         <alignment>0x4</alignment>
         <input_file_ref idref="fl-18"/>
      </object_component>
      <object_component id="oc-348">
         <name>.text</name>
         <load_address>0x2968</load_address>
         <readonly>true</readonly>
         <executable>true</executable>
         <run_address>0x2968</run_address>
         <size>0x192</size>
         <alignment>0x4</alignment>
         <input_file_ref idref="fl-174"/>
      </object_component>
      <object_component id="oc-2a3">
         <name>.text.PID_Update</name>
         <load_address>0x2afa</load_address>
         <readonly>true</readonly>
         <executable>true</executable>
         <run_address>0x2afa</run_address>
         <size>0x182</size>
         <alignment>0x2</alignment>
         <input_file_ref idref="fl-11"/>
      </object_component>
      <object_component id="oc-144">
         <name>.text.App_Debug_OLEDTask</name>
         <load_address>0x2c7c</load_address>
         <readonly>true</readonly>
         <executable>true</executable>
         <run_address>0x2c7c</run_address>
         <size>0x150</size>
         <alignment>0x4</alignment>
         <input_file_ref idref="fl-5"/>
      </object_component>
      <object_component id="oc-22c">
         <name>.text.BSP_UART_TryWrite</name>
         <load_address>0x2dcc</load_address>
         <readonly>true</readonly>
         <executable>true</executable>
         <run_address>0x2dcc</run_address>
         <size>0x138</size>
         <alignment>0x4</alignment>
         <input_file_ref idref="fl-f"/>
      </object_component>
      <object_component id="oc-353">
         <name>.text.fcvt</name>
         <load_address>0x2f04</load_address>
         <readonly>true</readonly>
         <executable>true</executable>
         <run_address>0x2f04</run_address>
         <size>0x138</size>
         <alignment>0x4</alignment>
         <input_file_ref idref="fl-59"/>
      </object_component>
      <object_component id="oc-280">
         <name>.text.IMU_PushRxByte</name>
         <load_address>0x303c</load_address>
         <readonly>true</readonly>
         <executable>true</executable>
         <run_address>0x303c</run_address>
         <size>0x12c</size>
         <alignment>0x4</alignment>
         <input_file_ref idref="fl-15"/>
      </object_component>
      <object_component id="oc-1a7">
         <name>.text.BSP_IMU_UART_TryWrite</name>
         <load_address>0x3168</load_address>
         <readonly>true</readonly>
         <executable>true</executable>
         <run_address>0x3168</run_address>
         <size>0x11c</size>
         <alignment>0x4</alignment>
         <input_file_ref idref="fl-a"/>
      </object_component>
      <object_component id="oc-7d">
         <name>.text.BSP_UART_IRQHandler</name>
         <load_address>0x3284</load_address>
         <readonly>true</readonly>
         <executable>true</executable>
         <run_address>0x3284</run_address>
         <size>0x10c</size>
         <alignment>0x4</alignment>
         <input_file_ref idref="fl-f"/>
      </object_component>
      <object_component id="oc-165">
         <name>.text.DL_Timer_initFourCCPWMMode</name>
         <load_address>0x3390</load_address>
         <readonly>true</readonly>
         <executable>true</executable>
         <run_address>0x3390</run_address>
         <size>0x104</size>
         <alignment>0x4</alignment>
         <input_file_ref idref="fl-2b"/>
      </object_component>
      <object_component id="oc-238">
         <name>.text.OLED_Update</name>
         <load_address>0x3494</load_address>
         <readonly>true</readonly>
         <executable>true</executable>
         <run_address>0x3494</run_address>
         <size>0x104</size>
         <alignment>0x4</alignment>
         <input_file_ref idref="fl-18"/>
      </object_component>
      <object_component id="oc-28f">
         <name>.text.BSP_LineADC_Read</name>
         <load_address>0x3598</load_address>
         <readonly>true</readonly>
         <executable>true</executable>
         <run_address>0x3598</run_address>
         <size>0x100</size>
         <alignment>0x4</alignment>
         <input_file_ref idref="fl-b"/>
      </object_component>
      <object_component id="oc-16c">
         <name>.text.DL_Timer_initTimerMode</name>
         <load_address>0x3698</load_address>
         <readonly>true</readonly>
         <executable>true</executable>
         <run_address>0x3698</run_address>
         <size>0xfc</size>
         <alignment>0x4</alignment>
         <input_file_ref idref="fl-2b"/>
      </object_component>
      <object_component id="oc-317">
         <name>.text._pconv_e</name>
         <load_address>0x3794</load_address>
         <readonly>true</readonly>
         <executable>true</executable>
         <run_address>0x3794</run_address>
         <size>0xfc</size>
         <alignment>0x4</alignment>
         <input_file_ref idref="fl-59"/>
      </object_component>
      <object_component id="oc-272">
         <name>.text.OLED_WriteData</name>
         <load_address>0x3890</load_address>
         <readonly>true</readonly>
         <executable>true</executable>
         <run_address>0x3890</run_address>
         <size>0xe0</size>
         <alignment>0x4</alignment>
         <input_file_ref idref="fl-18"/>
      </object_component>
      <object_component id="oc-f7">
         <name>.text.SYSCFG_DL_GPIO_init</name>
         <load_address>0x3970</load_address>
         <readonly>true</readonly>
         <executable>true</executable>
         <run_address>0x3970</run_address>
         <size>0xe0</size>
         <alignment>0x4</alignment>
         <input_file_ref idref="fl-2"/>
      </object_component>
      <object_component id="oc-156">
         <name>.text.DL_SYSCTL_configSYSPLL</name>
         <load_address>0x3a50</load_address>
         <readonly>true</readonly>
         <executable>true</executable>
         <run_address>0x3a50</run_address>
         <size>0xdc</size>
         <alignment>0x4</alignment>
         <input_file_ref idref="fl-2d"/>
      </object_component>
      <object_component id="oc-338">
         <name>.text.scalbn</name>
         <load_address>0x3b2c</load_address>
         <readonly>true</readonly>
         <executable>true</executable>
         <run_address>0x3b2c</run_address>
         <size>0xdc</size>
         <alignment>0x4</alignment>
         <input_file_ref idref="fl-65"/>
      </object_component>
      <object_component id="oc-1df">
         <name>.text</name>
         <load_address>0x3c08</load_address>
         <readonly>true</readonly>
         <executable>true</executable>
         <run_address>0x3c08</run_address>
         <size>0xd8</size>
         <alignment>0x4</alignment>
         <input_file_ref idref="fl-173"/>
      </object_component>
      <object_component id="oc-81">
         <name>.text.BSP_IMU_UART_IRQHandler</name>
         <load_address>0x3ce0</load_address>
         <readonly>true</readonly>
         <executable>true</executable>
         <run_address>0x3ce0</run_address>
         <size>0xd0</size>
         <alignment>0x4</alignment>
         <input_file_ref idref="fl-a"/>
      </object_component>
      <object_component id="oc-2ce">
         <name>.text.OLED_I2C_SendByte</name>
         <load_address>0x3db0</load_address>
         <readonly>true</readonly>
         <executable>true</executable>
         <run_address>0x3db0</run_address>
         <size>0xd0</size>
         <alignment>0x2</alignment>
         <input_file_ref idref="fl-18"/>
      </object_component>
      <object_component id="oc-143">
         <name>.text.App_Debug_Task</name>
         <load_address>0x3e80</load_address>
         <readonly>true</readonly>
         <executable>true</executable>
         <run_address>0x3e80</run_address>
         <size>0xb0</size>
         <alignment>0x4</alignment>
         <input_file_ref idref="fl-5"/>
      </object_component>
      <object_component id="oc-209">
         <name>.text.LineControl_Update</name>
         <load_address>0x3f30</load_address>
         <readonly>true</readonly>
         <executable>true</executable>
         <run_address>0x3f30</run_address>
         <size>0xb0</size>
         <alignment>0x4</alignment>
         <input_file_ref idref="fl-10"/>
      </object_component>
      <object_component id="oc-f8">
         <name>.text.SYSCFG_DL_SYSCTL_init</name>
         <load_address>0x3fe0</load_address>
         <readonly>true</readonly>
         <executable>true</executable>
         <run_address>0x3fe0</run_address>
         <size>0xa8</size>
         <alignment>0x4</alignment>
         <input_file_ref idref="fl-2"/>
      </object_component>
      <object_component id="oc-32a">
         <name>.text</name>
         <load_address>0x4088</load_address>
         <readonly>true</readonly>
         <executable>true</executable>
         <run_address>0x4088</run_address>
         <size>0xa2</size>
         <alignment>0x4</alignment>
         <input_file_ref idref="fl-18e"/>
      </object_component>
      <object_component id="oc-33">
         <name>.text.Default_Handler</name>
         <load_address>0x412a</load_address>
         <readonly>true</readonly>
         <executable>true</executable>
         <run_address>0x412a</run_address>
         <size>0x2</size>
         <alignment>0x2</alignment>
         <input_file_ref idref="fl-3"/>
      </object_component>
      <object_component id="oc-11a">
         <name>.text.IMU_Init</name>
         <load_address>0x412c</load_address>
         <readonly>true</readonly>
         <executable>true</executable>
         <run_address>0x412c</run_address>
         <size>0x9c</size>
         <alignment>0x4</alignment>
         <input_file_ref idref="fl-15"/>
      </object_component>
      <object_component id="oc-20d">
         <name>.text.VehicleMixer_Mix</name>
         <load_address>0x41c8</load_address>
         <readonly>true</readonly>
         <executable>true</executable>
         <run_address>0x41c8</run_address>
         <size>0x9c</size>
         <alignment>0x2</alignment>
         <input_file_ref idref="fl-13"/>
      </object_component>
      <object_component id="oc-b6">
         <name>.text:memcpy</name>
         <load_address>0x4264</load_address>
         <readonly>true</readonly>
         <executable>true</executable>
         <run_address>0x4264</run_address>
         <size>0x9a</size>
         <alignment>0x1</alignment>
         <input_file_ref idref="fl-197"/>
      </object_component>
      <object_component id="oc-2b7">
         <name>.text.__aeabi_idiv0</name>
         <load_address>0x42fe</load_address>
         <readonly>true</readonly>
         <executable>true</executable>
         <run_address>0x42fe</run_address>
         <size>0x2</size>
         <alignment>0x2</alignment>
         <input_file_ref idref="fl-193"/>
      </object_component>
      <object_component id="oc-19e">
         <name>.text.BSP_LineADC_Init</name>
         <load_address>0x4300</load_address>
         <readonly>true</readonly>
         <executable>true</executable>
         <run_address>0x4300</run_address>
         <size>0x98</size>
         <alignment>0x4</alignment>
         <input_file_ref idref="fl-b"/>
      </object_component>
      <object_component id="oc-fd">
         <name>.text.SYSCFG_DL_HC05_UART_init</name>
         <load_address>0x4398</load_address>
         <readonly>true</readonly>
         <executable>true</executable>
         <run_address>0x4398</run_address>
         <size>0x90</size>
         <alignment>0x4</alignment>
         <input_file_ref idref="fl-2"/>
      </object_component>
      <object_component id="oc-fc">
         <name>.text.SYSCFG_DL_IMU_UART_init</name>
         <load_address>0x4428</load_address>
         <readonly>true</readonly>
         <executable>true</executable>
         <run_address>0x4428</run_address>
         <size>0x90</size>
         <alignment>0x4</alignment>
         <input_file_ref idref="fl-2"/>
      </object_component>
      <object_component id="oc-f9">
         <name>.text.SYSCFG_DL_MOTOR_PWM_init</name>
         <load_address>0x44b8</load_address>
         <readonly>true</readonly>
         <executable>true</executable>
         <run_address>0x44b8</run_address>
         <size>0x90</size>
         <alignment>0x4</alignment>
         <input_file_ref idref="fl-2"/>
      </object_component>
      <object_component id="oc-29e">
         <name>.text</name>
         <load_address>0x4548</load_address>
         <readonly>true</readonly>
         <executable>true</executable>
         <run_address>0x4548</run_address>
         <size>0x8c</size>
         <alignment>0x4</alignment>
         <input_file_ref idref="fl-18d"/>
      </object_component>
      <object_component id="oc-201">
         <name>.text</name>
         <load_address>0x45d4</load_address>
         <readonly>true</readonly>
         <executable>true</executable>
         <run_address>0x45d4</run_address>
         <size>0x8c</size>
         <alignment>0x4</alignment>
         <input_file_ref idref="fl-175"/>
      </object_component>
      <object_component id="oc-2e3">
         <name>.text:strcmp</name>
         <load_address>0x4660</load_address>
         <readonly>true</readonly>
         <executable>true</executable>
         <run_address>0x4660</run_address>
         <size>0x88</size>
         <alignment>0x10</alignment>
         <input_file_ref idref="fl-4f"/>
      </object_component>
      <object_component id="oc-289">
         <name>.text</name>
         <load_address>0x46e8</load_address>
         <readonly>true</readonly>
         <executable>true</executable>
         <run_address>0x46e8</run_address>
         <size>0x82</size>
         <alignment>0x4</alignment>
         <input_file_ref idref="fl-176"/>
      </object_component>
      <object_component id="oc-355">
         <name>.text.__aeabi_ldiv0</name>
         <load_address>0x476a</load_address>
         <readonly>true</readonly>
         <executable>true</executable>
         <run_address>0x476a</run_address>
         <size>0x2</size>
         <alignment>0x2</alignment>
         <input_file_ref idref="fl-193"/>
      </object_component>
      <object_component id="oc-1d9">
         <name>.text.App_Car_Start</name>
         <load_address>0x476c</load_address>
         <readonly>true</readonly>
         <executable>true</executable>
         <run_address>0x476c</run_address>
         <size>0x80</size>
         <alignment>0x4</alignment>
         <input_file_ref idref="fl-4"/>
      </object_component>
      <object_component id="oc-ff">
         <name>.text.SYSCFG_DL_LINE_ADC1_init</name>
         <load_address>0x47ec</load_address>
         <readonly>true</readonly>
         <executable>true</executable>
         <run_address>0x47ec</run_address>
         <size>0x7c</size>
         <alignment>0x4</alignment>
         <input_file_ref idref="fl-2"/>
      </object_component>
      <object_component id="oc-f5">
         <name>.text.SYSCFG_DL_initPower</name>
         <load_address>0x4868</load_address>
         <readonly>true</readonly>
         <executable>true</executable>
         <run_address>0x4868</run_address>
         <size>0x7c</size>
         <alignment>0x4</alignment>
         <input_file_ref idref="fl-2"/>
      </object_component>
      <object_component id="oc-1c">
         <name>.text:decompress:lzss</name>
         <load_address>0x48e4</load_address>
         <readonly>true</readonly>
         <executable>true</executable>
         <run_address>0x48e4</run_address>
         <size>0x7c</size>
         <alignment>0x4</alignment>
         <input_file_ref idref="fl-57"/>
      </object_component>
      <object_component id="oc-2a8">
         <name>.text.TB6612_SetSignedDuty</name>
         <load_address>0x4960</load_address>
         <readonly>true</readonly>
         <executable>true</executable>
         <run_address>0x4960</run_address>
         <size>0x7a</size>
         <alignment>0x2</alignment>
         <input_file_ref idref="fl-1a"/>
      </object_component>
      <object_component id="oc-cf">
         <name>.text.App_Scheduler_Run</name>
         <load_address>0x49dc</load_address>
         <readonly>true</readonly>
         <executable>true</executable>
         <run_address>0x49dc</run_address>
         <size>0x78</size>
         <alignment>0x4</alignment>
         <input_file_ref idref="fl-6"/>
      </object_component>
      <object_component id="oc-212">
         <name>.text.Motor_Update</name>
         <load_address>0x4a54</load_address>
         <readonly>true</readonly>
         <executable>true</executable>
         <run_address>0x4a54</run_address>
         <size>0x78</size>
         <alignment>0x4</alignment>
         <input_file_ref idref="fl-17"/>
      </object_component>
      <object_component id="oc-298">
         <name>.text.update_one</name>
         <load_address>0x4acc</load_address>
         <readonly>true</readonly>
         <executable>true</executable>
         <run_address>0x4acc</run_address>
         <size>0x78</size>
         <alignment>0x4</alignment>
         <input_file_ref idref="fl-14"/>
      </object_component>
      <object_component id="oc-193">
         <name>.text.BSP_Encoder_Init</name>
         <load_address>0x4b44</load_address>
         <readonly>true</readonly>
         <executable>true</executable>
         <run_address>0x4b44</run_address>
         <size>0x74</size>
         <alignment>0x4</alignment>
         <input_file_ref idref="fl-8"/>
      </object_component>
      <object_component id="oc-124">
         <name>.text.SpeedControl_Init</name>
         <load_address>0x4bb8</load_address>
         <readonly>true</readonly>
         <executable>true</executable>
         <run_address>0x4bb8</run_address>
         <size>0x74</size>
         <alignment>0x4</alignment>
         <input_file_ref idref="fl-12"/>
      </object_component>
      <object_component id="oc-332">
         <name>.text.__gedf2</name>
         <load_address>0x4c2c</load_address>
         <readonly>true</readonly>
         <executable>true</executable>
         <run_address>0x4c2c</run_address>
         <size>0x74</size>
         <alignment>0x4</alignment>
         <input_file_ref idref="fl-183"/>
      </object_component>
      <object_component id="oc-34">
         <name>.text.GROUP1_IRQHandler</name>
         <load_address>0x4ca0</load_address>
         <readonly>true</readonly>
         <executable>true</executable>
         <run_address>0x4ca0</run_address>
         <size>0x70</size>
         <alignment>0x4</alignment>
         <input_file_ref idref="fl-8"/>
      </object_component>
      <object_component id="oc-fe">
         <name>.text.SYSCFG_DL_LINE_ADC0_init</name>
         <load_address>0x4d10</load_address>
         <readonly>true</readonly>
         <executable>true</executable>
         <run_address>0x4d10</run_address>
         <size>0x70</size>
         <alignment>0x4</alignment>
         <input_file_ref idref="fl-2"/>
      </object_component>
      <object_component id="oc-1cc">
         <name>.text.BSP_UART_Init</name>
         <load_address>0x4d80</load_address>
         <readonly>true</readonly>
         <executable>true</executable>
         <run_address>0x4d80</run_address>
         <size>0x6c</size>
         <alignment>0x4</alignment>
         <input_file_ref idref="fl-f"/>
      </object_component>
      <object_component id="oc-331">
         <name>.text.__ledf2</name>
         <load_address>0x4dec</load_address>
         <readonly>true</readonly>
         <executable>true</executable>
         <run_address>0x4dec</run_address>
         <size>0x68</size>
         <alignment>0x4</alignment>
         <input_file_ref idref="fl-183"/>
      </object_component>
      <object_component id="oc-351">
         <name>.text._mcpy</name>
         <load_address>0x4e54</load_address>
         <readonly>true</readonly>
         <executable>true</executable>
         <run_address>0x4e54</run_address>
         <size>0x66</size>
         <alignment>0x2</alignment>
         <input_file_ref idref="fl-59"/>
      </object_component>
      <object_component id="oc-271">
         <name>.text.OLED_WriteCommand</name>
         <load_address>0x4ebc</load_address>
         <readonly>true</readonly>
         <executable>true</executable>
         <run_address>0x4ebc</run_address>
         <size>0x64</size>
         <alignment>0x4</alignment>
         <input_file_ref idref="fl-18"/>
      </object_component>
      <object_component id="oc-f1">
         <name>.text:memset</name>
         <load_address>0x4f20</load_address>
         <readonly>true</readonly>
         <executable>true</executable>
         <run_address>0x4f20</run_address>
         <size>0x62</size>
         <alignment>0x1</alignment>
         <input_file_ref idref="fl-198"/>
      </object_component>
      <object_component id="oc-2a4">
         <name>.text.TB6612_StopAll</name>
         <load_address>0x4f82</load_address>
         <readonly>true</readonly>
         <executable>true</executable>
         <run_address>0x4f82</run_address>
         <size>0x5e</size>
         <alignment>0x2</alignment>
         <input_file_ref idref="fl-1a"/>
      </object_component>
      <object_component id="oc-c4">
         <name>.text.App_Car_Init</name>
         <load_address>0x4fe0</load_address>
         <readonly>true</readonly>
         <executable>true</executable>
         <run_address>0x4fe0</run_address>
         <size>0x5c</size>
         <alignment>0x4</alignment>
         <input_file_ref idref="fl-4"/>
      </object_component>
      <object_component id="oc-1a6">
         <name>.text.BSP_IMU_UART_Init</name>
         <load_address>0x503c</load_address>
         <readonly>true</readonly>
         <executable>true</executable>
         <run_address>0x503c</run_address>
         <size>0x5c</size>
         <alignment>0x4</alignment>
         <input_file_ref idref="fl-a"/>
      </object_component>
      <object_component id="oc-334">
         <name>.text.frexp</name>
         <load_address>0x5098</load_address>
         <readonly>true</readonly>
         <executable>true</executable>
         <run_address>0x5098</run_address>
         <size>0x5c</size>
         <alignment>0x4</alignment>
         <input_file_ref idref="fl-64"/>
      </object_component>
      <object_component id="oc-310">
         <name>.text</name>
         <load_address>0x50f4</load_address>
         <readonly>true</readonly>
         <executable>true</executable>
         <run_address>0x50f4</run_address>
         <size>0x5a</size>
         <alignment>0x4</alignment>
         <input_file_ref idref="fl-184"/>
      </object_component>
      <object_component id="oc-205">
         <name>.text</name>
         <load_address>0x5150</load_address>
         <readonly>true</readonly>
         <executable>true</executable>
         <run_address>0x5150</run_address>
         <size>0x5a</size>
         <alignment>0x4</alignment>
         <input_file_ref idref="fl-187"/>
      </object_component>
      <object_component id="oc-25b">
         <name>.text.BSP_TB6612_SetPwmPermille</name>
         <load_address>0x51ac</load_address>
         <readonly>true</readonly>
         <executable>true</executable>
         <run_address>0x51ac</run_address>
         <size>0x58</size>
         <alignment>0x4</alignment>
         <input_file_ref idref="fl-d"/>
      </object_component>
      <object_component id="oc-11f">
         <name>.text.LineControl_Init</name>
         <load_address>0x5204</load_address>
         <readonly>true</readonly>
         <executable>true</executable>
         <run_address>0x5204</run_address>
         <size>0x58</size>
         <alignment>0x4</alignment>
         <input_file_ref idref="fl-10"/>
      </object_component>
      <object_component id="oc-211">
         <name>.text.SpeedControl_Update</name>
         <load_address>0x525c</load_address>
         <readonly>true</readonly>
         <executable>true</executable>
         <run_address>0x525c</run_address>
         <size>0x58</size>
         <alignment>0x4</alignment>
         <input_file_ref idref="fl-12"/>
      </object_component>
      <object_component id="oc-340">
         <name>.text.__TI_ltoa</name>
         <load_address>0x52b4</load_address>
         <readonly>true</readonly>
         <executable>true</executable>
         <run_address>0x52b4</run_address>
         <size>0x58</size>
         <alignment>0x2</alignment>
         <input_file_ref idref="fl-5d"/>
      </object_component>
      <object_component id="oc-316">
         <name>.text._pconv_f</name>
         <load_address>0x530c</load_address>
         <readonly>true</readonly>
         <executable>true</executable>
         <run_address>0x530c</run_address>
         <size>0x58</size>
         <alignment>0x2</alignment>
         <input_file_ref idref="fl-59"/>
      </object_component>
      <object_component id="oc-362">
         <name>.text</name>
         <load_address>0x5364</load_address>
         <readonly>true</readonly>
         <executable>true</executable>
         <run_address>0x5364</run_address>
         <size>0x56</size>
         <alignment>0x4</alignment>
         <input_file_ref idref="fl-188"/>
      </object_component>
      <object_component id="oc-195">
         <name>.text.BSP_Encoder_GetLeftCount</name>
         <load_address>0x53bc</load_address>
         <readonly>true</readonly>
         <executable>true</executable>
         <run_address>0x53bc</run_address>
         <size>0x54</size>
         <alignment>0x4</alignment>
         <input_file_ref idref="fl-8"/>
      </object_component>
      <object_component id="oc-34f">
         <name>.text._ecpy</name>
         <load_address>0x5410</load_address>
         <readonly>true</readonly>
         <executable>true</executable>
         <run_address>0x5410</run_address>
         <size>0x52</size>
         <alignment>0x2</alignment>
         <input_file_ref idref="fl-59"/>
      </object_component>
      <object_component id="oc-294">
         <name>.text</name>
         <load_address>0x5464</load_address>
         <readonly>true</readonly>
         <executable>true</executable>
         <run_address>0x5464</run_address>
         <size>0x4e</size>
         <alignment>0x4</alignment>
         <input_file_ref idref="fl-17c"/>
      </object_component>
      <object_component id="oc-194">
         <name>.text.BSP_Encoder_ResetCounts</name>
         <load_address>0x54b4</load_address>
         <readonly>true</readonly>
         <executable>true</executable>
         <run_address>0x54b4</run_address>
         <size>0x4c</size>
         <alignment>0x4</alignment>
         <input_file_ref idref="fl-8"/>
      </object_component>
      <object_component id="oc-fa">
         <name>.text.SYSCFG_DL_LEFT_ENCODER_QEI_init</name>
         <load_address>0x5500</load_address>
         <readonly>true</readonly>
         <executable>true</executable>
         <run_address>0x5500</run_address>
         <size>0x4c</size>
         <alignment>0x4</alignment>
         <input_file_ref idref="fl-2"/>
      </object_component>
      <object_component id="oc-33c">
         <name>.text</name>
         <load_address>0x554c</load_address>
         <readonly>true</readonly>
         <executable>true</executable>
         <run_address>0x554c</run_address>
         <size>0x4a</size>
         <alignment>0x4</alignment>
         <input_file_ref idref="fl-178"/>
      </object_component>
      <object_component id="oc-175">
         <name>.text.DL_UART_init</name>
         <load_address>0x5598</load_address>
         <readonly>true</readonly>
         <executable>true</executable>
         <run_address>0x5598</run_address>
         <size>0x48</size>
         <alignment>0x4</alignment>
         <input_file_ref idref="fl-2c"/>
      </object_component>
      <object_component id="oc-10f">
         <name>.text.Encoder_Init</name>
         <load_address>0x55e0</load_address>
         <readonly>true</readonly>
         <executable>true</executable>
         <run_address>0x55e0</run_address>
         <size>0x48</size>
         <alignment>0x4</alignment>
         <input_file_ref idref="fl-14"/>
      </object_component>
      <object_component id="oc-114">
         <name>.text.LineSensor_Init</name>
         <load_address>0x5628</load_address>
         <readonly>true</readonly>
         <executable>true</executable>
         <run_address>0x5628</run_address>
         <size>0x48</size>
         <alignment>0x4</alignment>
         <input_file_ref idref="fl-16"/>
      </object_component>
      <object_component id="oc-226">
         <name>.text.snprintf</name>
         <load_address>0x5670</load_address>
         <readonly>true</readonly>
         <executable>true</executable>
         <run_address>0x5670</run_address>
         <size>0x48</size>
         <alignment>0x4</alignment>
         <input_file_ref idref="fl-4d"/>
      </object_component>
      <object_component id="oc-c9">
         <name>.text.App_Scheduler_Init</name>
         <load_address>0x56b8</load_address>
         <readonly>true</readonly>
         <executable>true</executable>
         <run_address>0x56b8</run_address>
         <size>0x44</size>
         <alignment>0x4</alignment>
         <input_file_ref idref="fl-6"/>
      </object_component>
      <object_component id="oc-15d">
         <name>.text.DL_SYSCTL_switchMCLKfromSYSOSCtoHSCLK</name>
         <load_address>0x56fc</load_address>
         <readonly>true</readonly>
         <executable>true</executable>
         <run_address>0x56fc</run_address>
         <size>0x44</size>
         <alignment>0x4</alignment>
         <input_file_ref idref="fl-2d"/>
      </object_component>
      <object_component id="oc-277">
         <name>.text.Encoder_Reset</name>
         <load_address>0x5740</load_address>
         <readonly>true</readonly>
         <executable>true</executable>
         <run_address>0x5740</run_address>
         <size>0x44</size>
         <alignment>0x4</alignment>
         <input_file_ref idref="fl-14"/>
      </object_component>
      <object_component id="oc-2f8">
         <name>.text.atoi</name>
         <load_address>0x5784</load_address>
         <readonly>true</readonly>
         <executable>true</executable>
         <run_address>0x5784</run_address>
         <size>0x44</size>
         <alignment>0x4</alignment>
         <input_file_ref idref="fl-60"/>
      </object_component>
      <object_component id="oc-1d8">
         <name>.text.App_Car_NextTask</name>
         <load_address>0x57c8</load_address>
         <readonly>true</readonly>
         <executable>true</executable>
         <run_address>0x57c8</run_address>
         <size>0x40</size>
         <alignment>0x4</alignment>
         <input_file_ref idref="fl-4"/>
      </object_component>
      <object_component id="oc-17a">
         <name>.text.DL_ADC12_setClockConfig</name>
         <load_address>0x5808</load_address>
         <readonly>true</readonly>
         <executable>true</executable>
         <run_address>0x5808</run_address>
         <size>0x40</size>
         <alignment>0x4</alignment>
         <input_file_ref idref="fl-29"/>
      </object_component>
      <object_component id="oc-1fe">
         <name>.text.Encoder_Update</name>
         <load_address>0x5848</load_address>
         <readonly>true</readonly>
         <executable>true</executable>
         <run_address>0x5848</run_address>
         <size>0x40</size>
         <alignment>0x4</alignment>
         <input_file_ref idref="fl-14"/>
      </object_component>
      <object_component id="oc-2b0">
         <name>.text.vsnprintf</name>
         <load_address>0x5888</load_address>
         <readonly>true</readonly>
         <executable>true</executable>
         <run_address>0x5888</run_address>
         <size>0x40</size>
         <alignment>0x4</alignment>
         <input_file_ref idref="fl-4e"/>
      </object_component>
      <object_component id="oc-230">
         <name>.text</name>
         <load_address>0x58c8</load_address>
         <readonly>true</readonly>
         <executable>true</executable>
         <run_address>0x58c8</run_address>
         <size>0x40</size>
         <alignment>0x4</alignment>
         <input_file_ref idref="fl-189"/>
      </object_component>
      <object_component id="oc-234">
         <name>.text</name>
         <load_address>0x5908</load_address>
         <readonly>true</readonly>
         <executable>true</executable>
         <run_address>0x5908</run_address>
         <size>0x40</size>
         <alignment>0x4</alignment>
         <input_file_ref idref="fl-177"/>
      </object_component>
      <object_component id="oc-105">
         <name>.text.BSP_Time_Init</name>
         <load_address>0x5948</load_address>
         <readonly>true</readonly>
         <executable>true</executable>
         <run_address>0x5948</run_address>
         <size>0x3c</size>
         <alignment>0x4</alignment>
         <input_file_ref idref="fl-e"/>
      </object_component>
      <object_component id="oc-1c5">
         <name>.text.Motor_SetTargetPermille</name>
         <load_address>0x5984</load_address>
         <readonly>true</readonly>
         <executable>true</executable>
         <run_address>0x5984</run_address>
         <size>0x3c</size>
         <alignment>0x4</alignment>
         <input_file_ref idref="fl-17"/>
      </object_component>
      <object_component id="oc-bf">
         <name>.text.SYSCFG_DL_init</name>
         <load_address>0x59c0</load_address>
         <readonly>true</readonly>
         <executable>true</executable>
         <run_address>0x59c0</run_address>
         <size>0x3c</size>
         <alignment>0x4</alignment>
         <input_file_ref idref="fl-2"/>
      </object_component>
      <object_component id="oc-d9">
         <name>.text:__TI_auto_init_nobinit_nopinit</name>
         <load_address>0x59fc</load_address>
         <readonly>true</readonly>
         <executable>true</executable>
         <run_address>0x59fc</run_address>
         <size>0x3c</size>
         <alignment>0x4</alignment>
         <input_file_ref idref="fl-52"/>
      </object_component>
      <object_component id="oc-281">
         <name>.text</name>
         <load_address>0x5a38</load_address>
         <readonly>true</readonly>
         <executable>true</executable>
         <run_address>0x5a38</run_address>
         <size>0x3c</size>
         <alignment>0x4</alignment>
         <input_file_ref idref="fl-17e"/>
      </object_component>
      <object_component id="oc-299">
         <name>.text</name>
         <load_address>0x5a74</load_address>
         <readonly>true</readonly>
         <executable>true</executable>
         <run_address>0x5a74</run_address>
         <size>0x3a</size>
         <alignment>0x4</alignment>
         <input_file_ref idref="fl-190"/>
      </object_component>
      <object_component id="oc-142">
         <name>.text.App_Car_StateTask10ms</name>
         <load_address>0x5ab0</load_address>
         <readonly>true</readonly>
         <executable>true</executable>
         <run_address>0x5ab0</run_address>
         <size>0x38</size>
         <alignment>0x4</alignment>
         <input_file_ref idref="fl-4"/>
      </object_component>
      <object_component id="oc-27f">
         <name>.text.BSP_IMU_UART_TryReadByte</name>
         <load_address>0x5ae8</load_address>
         <readonly>true</readonly>
         <executable>true</executable>
         <run_address>0x5ae8</run_address>
         <size>0x38</size>
         <alignment>0x4</alignment>
         <input_file_ref idref="fl-a"/>
      </object_component>
      <object_component id="oc-1de">
         <name>.text.BSP_UART_TryReadByte</name>
         <load_address>0x5b20</load_address>
         <readonly>true</readonly>
         <executable>true</executable>
         <run_address>0x5b20</run_address>
         <size>0x38</size>
         <alignment>0x4</alignment>
         <input_file_ref idref="fl-f"/>
      </object_component>
      <object_component id="oc-fb">
         <name>.text.SYSCFG_DL_TICK_TIMER_init</name>
         <load_address>0x5b58</load_address>
         <readonly>true</readonly>
         <executable>true</executable>
         <run_address>0x5b58</run_address>
         <size>0x38</size>
         <alignment>0x4</alignment>
         <input_file_ref idref="fl-2"/>
      </object_component>
      <object_component id="oc-2a5">
         <name>.text.TB6612_Enable</name>
         <load_address>0x5b90</load_address>
         <readonly>true</readonly>
         <executable>true</executable>
         <run_address>0x5b90</run_address>
         <size>0x38</size>
         <alignment>0x2</alignment>
         <input_file_ref idref="fl-1a"/>
      </object_component>
      <object_component id="oc-222">
         <name>.text</name>
         <load_address>0x5bc8</load_address>
         <readonly>true</readonly>
         <executable>true</executable>
         <run_address>0x5bc8</run_address>
         <size>0x38</size>
         <alignment>0x4</alignment>
         <input_file_ref idref="fl-179"/>
      </object_component>
      <object_component id="oc-1be">
         <name>.text.PID_SetIntegralLimits</name>
         <load_address>0x5c00</load_address>
         <readonly>true</readonly>
         <executable>true</executable>
         <run_address>0x5c00</run_address>
         <size>0x36</size>
         <alignment>0x2</alignment>
         <input_file_ref idref="fl-11"/>
      </object_component>
      <object_component id="oc-189">
         <name>.text.TB6612_Init</name>
         <load_address>0x5c36</load_address>
         <readonly>true</readonly>
         <executable>true</executable>
         <run_address>0x5c36</run_address>
         <size>0x36</size>
         <alignment>0x2</alignment>
         <input_file_ref idref="fl-1a"/>
      </object_component>
      <object_component id="oc-21c">
         <name>.text.App_Car_GetElapsedMs</name>
         <load_address>0x5c6c</load_address>
         <readonly>true</readonly>
         <executable>true</executable>
         <run_address>0x5c6c</run_address>
         <size>0x34</size>
         <alignment>0x4</alignment>
         <input_file_ref idref="fl-4"/>
      </object_component>
      <object_component id="oc-1ea">
         <name>.text.App_Car_SetTask</name>
         <load_address>0x5ca0</load_address>
         <readonly>true</readonly>
         <executable>true</executable>
         <run_address>0x5ca0</run_address>
         <size>0x34</size>
         <alignment>0x4</alignment>
         <input_file_ref idref="fl-4"/>
      </object_component>
      <object_component id="oc-256">
         <name>.text.BSP_TB6612_Init</name>
         <load_address>0x5cd4</load_address>
         <readonly>true</readonly>
         <executable>true</executable>
         <run_address>0x5cd4</run_address>
         <size>0x34</size>
         <alignment>0x4</alignment>
         <input_file_ref idref="fl-d"/>
      </object_component>
      <object_component id="oc-25d">
         <name>.text.BSP_TB6612_SetInputs</name>
         <load_address>0x5d08</load_address>
         <readonly>true</readonly>
         <executable>true</executable>
         <run_address>0x5d08</run_address>
         <size>0x34</size>
         <alignment>0x4</alignment>
         <input_file_ref idref="fl-d"/>
      </object_component>
      <object_component id="oc-1bf">
         <name>.text.PID_SetDerivativeFilter</name>
         <load_address>0x5d3c</load_address>
         <readonly>true</readonly>
         <executable>true</executable>
         <run_address>0x5d3c</run_address>
         <size>0x34</size>
         <alignment>0x2</alignment>
         <input_file_ref idref="fl-11"/>
      </object_component>
      <object_component id="oc-20a">
         <name>.text.SpeedControl_Reset</name>
         <load_address>0x5d70</load_address>
         <readonly>true</readonly>
         <executable>true</executable>
         <run_address>0x5d70</run_address>
         <size>0x34</size>
         <alignment>0x4</alignment>
         <input_file_ref idref="fl-12"/>
      </object_component>
      <object_component id="oc-2ac">
         <name>.text._outs</name>
         <load_address>0x5da4</load_address>
         <readonly>true</readonly>
         <executable>true</executable>
         <run_address>0x5da4</run_address>
         <size>0x32</size>
         <alignment>0x2</alignment>
         <input_file_ref idref="fl-4d"/>
      </object_component>
      <object_component id="oc-2df">
         <name>.text._outs</name>
         <load_address>0x5dd6</load_address>
         <readonly>true</readonly>
         <executable>true</executable>
         <run_address>0x5dd6</run_address>
         <size>0x32</size>
         <alignment>0x2</alignment>
         <input_file_ref idref="fl-4e"/>
      </object_component>
      <object_component id="oc-21e">
         <name>.text</name>
[...]
         <object_component_ref idref="oc-bb"/>
      </symbol>
      <symbol id="sm-410">
         <name>DL_Timer_setClockConfig</name>
         <value>0x6235</value>
         <object_component_ref idref="oc-15f"/>
      </symbol>
      <symbol id="sm-411">
         <name>DL_Timer_initTimerMode</name>
         <value>0x3699</value>
         <object_component_ref idref="oc-16c"/>
      </symbol>
      <symbol id="sm-412">
         <name>DL_Timer_setCaptureCompareValue</name>
         <value>0x63f5</value>
         <object_component_ref idref="oc-168"/>
      </symbol>
      <symbol id="sm-413">
         <name>DL_Timer_getCaptureCompareValue</name>
         <value>0x63e5</value>
         <object_component_ref idref="oc-264"/>
      </symbol>
      <symbol id="sm-414">
         <name>DL_Timer_setCaptCompUpdateMethod</name>
         <value>0x6219</value>
         <object_component_ref idref="oc-167"/>
      </symbol>
      <symbol id="sm-415">
         <name>DL_Timer_setCaptureCompareOutCtl</name>
         <value>0x62d1</value>
         <object_component_ref idref="oc-166"/>
      </symbol>
      <symbol id="sm-416">
         <name>DL_Timer_initFourCCPWMMode</name>
         <value>0x3391</value>
         <object_component_ref idref="oc-165"/>
      </symbol>
      <symbol id="sm-423">
         <name>DL_UART_init</name>
         <value>0x5599</value>
         <object_component_ref idref="oc-175"/>
      </symbol>
      <symbol id="sm-424">
         <name>DL_UART_setClockConfig</name>
         <value>0x63ad</value>
         <object_component_ref idref="oc-16f"/>
      </symbol>
      <symbol id="sm-435">
         <name>DL_SYSCTL_configSYSPLL</name>
         <value>0x3a51</value>
         <object_component_ref idref="oc-156"/>
      </symbol>
      <symbol id="sm-436">
         <name>DL_SYSCTL_switchMCLKfromSYSOSCtoHSCLK</name>
         <value>0x56fd</value>
         <object_component_ref idref="oc-15d"/>
      </symbol>
      <symbol id="sm-437">
         <name>DL_SYSCTL_configFCC</name>
         <value>0x61fd</value>
         <object_component_ref idref="oc-24f"/>
      </symbol>
      <symbol id="sm-44b">
         <name>snprintf</name>
         <value>0x5671</value>
         <object_component_ref idref="oc-226"/>
      </symbol>
      <symbol id="sm-45c">
         <name>vsnprintf</name>
         <value>0x5889</value>
         <object_component_ref idref="oc-2b0"/>
      </symbol>
      <symbol id="sm-464">
         <name>strcmp</name>
         <value>0x4661</value>
         <object_component_ref idref="oc-2e3"/>
      </symbol>
      <symbol id="sm-46f">
         <name>_c_int00_noargs</name>
         <value>0x6059</value>
         <object_component_ref idref="oc-6b"/>
      </symbol>
      <symbol id="sm-470">
         <name>__stack</name>
         <value>0x20207e00</value>
         <object_component_ref idref="oc-1a"/>
      </symbol>
      <symbol id="sm-47c">
         <name>__TI_auto_init_nobinit_nopinit</name>
         <value>0x59fd</value>
         <object_component_ref idref="oc-d9"/>
      </symbol>
      <symbol id="sm-484">
         <name>_system_pre_init</name>
         <value>0x65b7</value>
         <object_component_ref idref="oc-90"/>
      </symbol>
      <symbol id="sm-48f">
         <name>__TI_zero_init</name>
         <value>0x6425</value>
         <object_component_ref idref="oc-68"/>
      </symbol>
      <symbol id="sm-498">
         <name>__TI_decompress_none</name>
         <value>0x63d1</value>
         <object_component_ref idref="oc-20"/>
      </symbol>
      <symbol id="sm-4a3">
         <name>__TI_decompress_lzss</name>
         <value>0x48e5</value>
         <object_component_ref idref="oc-1c"/>
      </symbol>
      <symbol id="sm-4f1">
         <name>__TI_printfi</name>
         <value>0xc1</value>
         <object_component_ref idref="oc-2de"/>
      </symbol>
      <symbol id="sm-4fc">
         <name>__aeabi_errno_addr</name>
         <value>0x6595</value>
         <object_component_ref idref="oc-300"/>
      </symbol>
      <symbol id="sm-4fd">
         <name>__aeabi_errno</name>
         <value>0x20200a2c</value>
         <object_component_ref idref="oc-326"/>
      </symbol>
      <symbol id="sm-507">
         <name>abort</name>
         <value>0x65a5</value>
         <object_component_ref idref="oc-d2"/>
      </symbol>
      <symbol id="sm-511">
         <name>__TI_ltoa</name>
         <value>0x52b5</value>
         <object_component_ref idref="oc-340"/>
      </symbol>
      <symbol id="sm-51d">
         <name>atoi</name>
         <value>0x5785</value>
         <object_component_ref idref="oc-2f8"/>
      </symbol>
      <symbol id="sm-527">
         <name>memccpy</name>
         <value>0x6139</value>
         <object_component_ref idref="oc-2f1"/>
      </symbol>
      <symbol id="sm-532">
         <name>frexp</name>
         <value>0x5099</value>
         <object_component_ref idref="oc-334"/>
      </symbol>
      <symbol id="sm-533">
         <name>frexpl</name>
         <value>0x5099</value>
         <object_component_ref idref="oc-334"/>
      </symbol>
      <symbol id="sm-53d">
         <name>scalbn</name>
         <value>0x3b2d</value>
         <object_component_ref idref="oc-338"/>
      </symbol>
      <symbol id="sm-53e">
         <name>ldexp</name>
         <value>0x3b2d</value>
         <object_component_ref idref="oc-338"/>
      </symbol>
      <symbol id="sm-53f">
         <name>scalbnl</name>
         <value>0x3b2d</value>
         <object_component_ref idref="oc-338"/>
      </symbol>
      <symbol id="sm-540">
         <name>ldexpl</name>
         <value>0x3b2d</value>
         <object_component_ref idref="oc-338"/>
      </symbol>
      <symbol id="sm-549">
         <name>wcslen</name>
         <value>0x6415</value>
         <object_component_ref idref="oc-2fc"/>
      </symbol>
      <symbol id="sm-54f">
         <name>__aeabi_ctype_table_</name>
         <value>0x70f0</value>
         <object_component_ref idref="oc-31f"/>
      </symbol>
      <symbol id="sm-550">
         <name>__aeabi_ctype_table_C</name>
         <value>0x70f0</value>
         <object_component_ref idref="oc-31f"/>
      </symbol>
      <symbol id="sm-55b">
         <name>HOSTexit</name>
         <value>0x65ab</value>
         <object_component_ref idref="oc-145"/>
      </symbol>
      <symbol id="sm-55c">
         <name>C$$EXIT</name>
         <value>0x65aa</value>
         <object_component_ref idref="oc-145"/>
      </symbol>
      <symbol id="sm-571">
         <name>__aeabi_fadd</name>
         <value>0x3c13</value>
         <object_component_ref idref="oc-1df"/>
      </symbol>
      <symbol id="sm-572">
         <name>__addsf3</name>
         <value>0x3c13</value>
         <object_component_ref idref="oc-1df"/>
      </symbol>
      <symbol id="sm-573">
         <name>__aeabi_fsub</name>
         <value>0x3c09</value>
         <object_component_ref idref="oc-1df"/>
      </symbol>
      <symbol id="sm-574">
         <name>__subsf3</name>
         <value>0x3c09</value>
         <object_component_ref idref="oc-1df"/>
      </symbol>
      <symbol id="sm-57a">
         <name>__aeabi_dadd</name>
         <value>0x2973</value>
         <object_component_ref idref="oc-348"/>
      </symbol>
      <symbol id="sm-57b">
         <name>__adddf3</name>
         <value>0x2973</value>
         <object_component_ref idref="oc-348"/>
      </symbol>
      <symbol id="sm-57c">
         <name>__aeabi_dsub</name>
         <value>0x2969</value>
         <object_component_ref idref="oc-348"/>
      </symbol>
      <symbol id="sm-57d">
         <name>__subdf3</name>
         <value>0x2969</value>
         <object_component_ref idref="oc-348"/>
      </symbol>
      <symbol id="sm-586">
         <name>__aeabi_fmul</name>
         <value>0x45d5</value>
         <object_component_ref idref="oc-201"/>
      </symbol>
      <symbol id="sm-587">
         <name>__mulsf3</name>
         <value>0x45d5</value>
         <object_component_ref idref="oc-201"/>
      </symbol>
      <symbol id="sm-58d">
         <name>__aeabi_fdiv</name>
         <value>0x46e9</value>
         <object_component_ref idref="oc-289"/>
      </symbol>
      <symbol id="sm-58e">
         <name>__divsf3</name>
         <value>0x46e9</value>
         <object_component_ref idref="oc-289"/>
      </symbol>
      <symbol id="sm-594">
         <name>__aeabi_f2d</name>
         <value>0x5909</value>
         <object_component_ref idref="oc-234"/>
      </symbol>
      <symbol id="sm-595">
         <name>__extendsfdf2</name>
         <value>0x5909</value>
         <object_component_ref idref="oc-234"/>
      </symbol>
      <symbol id="sm-59b">
         <name>__aeabi_d2iz</name>
         <value>0x554d</value>
         <object_component_ref idref="oc-33c"/>
      </symbol>
      <symbol id="sm-59c">
         <name>__fixdfsi</name>
         <value>0x554d</value>
         <object_component_ref idref="oc-33c"/>
      </symbol>
      <symbol id="sm-5a2">
         <name>__aeabi_f2iz</name>
         <value>0x5bc9</value>
         <object_component_ref idref="oc-222"/>
      </symbol>
      <symbol id="sm-5a3">
         <name>__fixsfsi</name>
         <value>0x5bc9</value>
         <object_component_ref idref="oc-222"/>
      </symbol>
      <symbol id="sm-5a9">
         <name>__aeabi_f2uiz</name>
         <value>0x5e09</value>
         <object_component_ref idref="oc-21e"/>
      </symbol>
      <symbol id="sm-5aa">
         <name>__fixunssfsi</name>
         <value>0x5e09</value>
         <object_component_ref idref="oc-21e"/>
      </symbol>
      <symbol id="sm-5b0">
         <name>__aeabi_l2f</name>
         <value>0x5465</value>
         <object_component_ref idref="oc-294"/>
      </symbol>
      <symbol id="sm-5b1">
         <name>__floatdisf</name>
         <value>0x5465</value>
         <object_component_ref idref="oc-294"/>
      </symbol>
      <symbol id="sm-5b7">
         <name>__aeabi_i2d</name>
         <value>0x5fdd</value>
         <object_component_ref idref="oc-344"/>
      </symbol>
      <symbol id="sm-5b8">
         <name>__floatsidf</name>
         <value>0x5fdd</value>
         <object_component_ref idref="oc-344"/>
      </symbol>
      <symbol id="sm-5be">
         <name>__aeabi_i2f</name>
         <value>0x5a39</value>
         <object_component_ref idref="oc-281"/>
      </symbol>
      <symbol id="sm-5bf">
         <name>__floatsisf</name>
         <value>0x5a39</value>
         <object_component_ref idref="oc-281"/>
      </symbol>
      <symbol id="sm-5c5">
         <name>__aeabi_ui2f</name>
         <value>0x6081</value>
         <object_component_ref idref="oc-285"/>
      </symbol>
      <symbol id="sm-5c6">
         <name>__floatunsisf</name>
         <value>0x6081</value>
         <object_component_ref idref="oc-285"/>
      </symbol>
      <symbol id="sm-5cc">
         <name>__aeabi_lmul</name>
         <value>0x6115</value>
         <object_component_ref idref="oc-290"/>
      </symbol>
      <symbol id="sm-5cd">
         <name>__muldi3</name>
         <value>0x6115</value>
         <object_component_ref idref="oc-290"/>
      </symbol>
      <symbol id="sm-5de">
         <name>__ledf2</name>
         <value>0x4ded</value>
         <object_component_ref idref="oc-331"/>
      </symbol>
      <symbol id="sm-5df">
         <name>__gedf2</name>
         <value>0x4c2d</value>
         <object_component_ref idref="oc-332"/>
      </symbol>
      <symbol id="sm-5e0">
         <name>__unorddf2</name>
         <value>0x5e9d</value>
         <object_component_ref idref="oc-30a"/>
      </symbol>
      <symbol id="sm-5e1">
         <name>__cmpdf2</name>
         <value>0x4ded</value>
         <object_component_ref idref="oc-331"/>
      </symbol>
      <symbol id="sm-5e2">
         <name>__eqdf2</name>
         <value>0x4ded</value>
         <object_component_ref idref="oc-331"/>
      </symbol>
      <symbol id="sm-5e3">
         <name>__ltdf2</name>
         <value>0x4ded</value>
         <object_component_ref idref="oc-331"/>
      </symbol>
      <symbol id="sm-5e4">
         <name>__nedf2</name>
         <value>0x4ded</value>
         <object_component_ref idref="oc-331"/>
      </symbol>
      <symbol id="sm-5e5">
         <name>__gtdf2</name>
         <value>0x4c2d</value>
         <object_component_ref idref="oc-332"/>
      </symbol>
      <symbol id="sm-5e6">
         <name>__aeabi_dcmpun</name>
         <value>0x5e9d</value>
         <object_component_ref idref="oc-30a"/>
      </symbol>
      <symbol id="sm-5ec">
         <name>__aeabi_dcmpeq</name>
         <value>0x50f5</value>
         <object_component_ref idref="oc-310"/>
      </symbol>
      <symbol id="sm-5ed">
         <name>__aeabi_dcmplt</name>
         <value>0x5107</value>
         <object_component_ref idref="oc-310"/>
      </symbol>
      <symbol id="sm-5ee">
         <name>__aeabi_dcmple</name>
         <value>0x5119</value>
         <object_component_ref idref="oc-310"/>
      </symbol>
      <symbol id="sm-5ef">
         <name>__aeabi_dcmpge</name>
         <value>0x512b</value>
         <object_component_ref idref="oc-310"/>
      </symbol>
      <symbol id="sm-5f0">
         <name>__aeabi_dcmpgt</name>
         <value>0x513d</value>
         <object_component_ref idref="oc-310"/>
      </symbol>
      <symbol id="sm-5fa">
         <name>__aeabi_ddiv_fast</name>
         <value>0x6585</value>
         <object_component_ref idref="oc-372"/>
      </symbol>
      <symbol id="sm-604">
         <name>__aeabi_dmul_fast</name>
         <value>0x658d</value>
         <object_component_ref idref="oc-36b"/>
      </symbol>
      <symbol id="sm-60a">
         <name>__aeabi_fcmpeq</name>
         <value>0x5151</value>
         <object_component_ref idref="oc-205"/>
      </symbol>
      <symbol id="sm-60b">
         <name>__aeabi_fcmplt</name>
         <value>0x5163</value>
         <object_component_ref idref="oc-205"/>
      </symbol>
      <symbol id="sm-60c">
         <name>__aeabi_fcmple</name>
         <value>0x5175</value>
         <object_component_ref idref="oc-205"/>
      </symbol>
      <symbol id="sm-60d">
         <name>__aeabi_fcmpge</name>
         <value>0x5187</value>
         <object_component_ref idref="oc-205"/>
      </symbol>
      <symbol id="sm-60e">
         <name>__aeabi_fcmpgt</name>
         <value>0x5199</value>
         <object_component_ref idref="oc-205"/>
      </symbol>
      <symbol id="sm-614">
         <name>__aeabi_idiv</name>
         <value>0x5365</value>
         <object_component_ref idref="oc-362"/>
      </symbol>
      <symbol id="sm-615">
         <name>__aeabi_idivmod</name>
         <value>0x5365</value>
         <object_component_ref idref="oc-362"/>
      </symbol>
      <symbol id="sm-61b">
         <name>__aeabi_uidiv</name>
         <value>0x58c9</value>
         <object_component_ref idref="oc-230"/>
      </symbol>
      <symbol id="sm-61c">
         <name>__aeabi_uidivmod</name>
         <value>0x58c9</value>
         <object_component_ref idref="oc-230"/>
      </symbol>
      <symbol id="sm-622">
         <name>__aeabi_uldivmod</name>
         <value>0x6399</value>
         <object_component_ref idref="oc-306"/>
      </symbol>
      <symbol id="sm-628">
         <name>__aeabi_memcpy</name>
         <value>0x659d</value>
         <object_component_ref idref="oc-5b"/>
      </symbol>
      <symbol id="sm-629">
         <name>__aeabi_memcpy4</name>
         <value>0x659d</value>
         <object_component_ref idref="oc-5b"/>
      </symbol>
      <symbol id="sm-62a">
         <name>__aeabi_memcpy8</name>
         <value>0x659d</value>
         <object_component_ref idref="oc-5b"/>
      </symbol>
      <symbol id="sm-630">
         <name>__aeabi_memset</name>
         <value>0x626d</value>
         <object_component_ref idref="oc-8c"/>
      </symbol>
      <symbol id="sm-631">
         <name>__aeabi_memset4</name>
         <value>0x626d</value>
         <object_component_ref idref="oc-8c"/>
      </symbol>
      <symbol id="sm-632">
         <name>__aeabi_memset8</name>
         <value>0x626d</value>
         <object_component_ref idref="oc-8c"/>
      </symbol>
      <symbol id="sm-633">
         <name>__aeabi_memclr</name>
         <value>0x627b</value>
         <object_component_ref idref="oc-8c"/>
      </symbol>
      <symbol id="sm-634">
         <name>__aeabi_memclr4</name>
         <value>0x627b</value>
         <object_component_ref idref="oc-8c"/>
      </symbol>
      <symbol id="sm-635">
         <name>__aeabi_memclr8</name>
         <value>0x627b</value>
         <object_component_ref idref="oc-8c"/>
      </symbol>
      <symbol id="sm-63b">
         <name>__eqsf2</name>
         <value>0x4549</value>
         <object_component_ref idref="oc-29e"/>
      </symbol>
      <symbol id="sm-63c">
         <name>__lesf2</name>
         <value>0x4549</value>
         <object_component_ref idref="oc-29e"/>
      </symbol>
      <symbol id="sm-63d">
         <name>__ltsf2</name>
         <value>0x4549</value>
         <object_component_ref idref="oc-29e"/>
      </symbol>
      <symbol id="sm-63e">
         <name>__nesf2</name>
         <value>0x4549</value>
         <object_component_ref idref="oc-29e"/>
      </symbol>
      <symbol id="sm-63f">
         <name>__cmpsf2</name>
         <value>0x4549</value>
         <object_component_ref idref="oc-29e"/>
      </symbol>
      <symbol id="sm-640">
         <name>__gtsf2</name>
         <value>0x4583</value>
         <object_component_ref idref="oc-29e"/>
      </symbol>
      <symbol id="sm-641">
         <name>__gesf2</name>
         <value>0x4583</value>
         <object_component_ref idref="oc-29e"/>
      </symbol>
      <symbol id="sm-642">
         <name>__unordsf2</name>
         <value>0x45bf</value>
         <object_component_ref idref="oc-29e"/>
      </symbol>
      <symbol id="sm-643">
         <name>__aeabi_fcmpun</name>
         <value>0x45bf</value>
         <object_component_ref idref="oc-29e"/>
      </symbol>
      <symbol id="sm-649">
         <name>__udivmoddi4</name>
         <value>0x4089</value>
         <object_component_ref idref="oc-32a"/>
      </symbol>
      <symbol id="sm-64f">
         <name>__muldsi3</name>
         <value>0x5a75</value>
         <object_component_ref idref="oc-299"/>
      </symbol>
      <symbol id="sm-655">
         <name>__aeabi_llsl</name>
         <value>0x61dd</value>
         <object_component_ref idref="oc-356"/>
      </symbol>
      <symbol id="sm-656">
         <name>__ashldi3</name>
         <value>0x61dd</value>
         <object_component_ref idref="oc-356"/>
      </symbol>
      <symbol id="sm-662">
         <name>__aeabi_idiv0</name>
         <value>0x42ff</value>
         <object_component_ref idref="oc-2b7"/>
      </symbol>
      <symbol id="sm-663">
         <name>__aeabi_ldiv0</name>
         <value>0x476b</value>
         <object_component_ref idref="oc-355"/>
      </symbol>
      <symbol id="sm-66d">
         <name>__divdf3_fast</name>
         <value>0x1305</value>
         <object_component_ref idref="oc-385"/>
      </symbol>
      <symbol id="sm-677">
         <name>__muldf3_fast</name>
         <value>0x241d</value>
         <object_component_ref idref="oc-37b"/>
      </symbol>
      <symbol id="sm-691">
         <name>memcpy</name>
         <value>0x4265</value>
         <object_component_ref idref="oc-b6"/>
      </symbol>
      <symbol id="sm-6a0">
         <name>memset</name>
         <value>0x4f21</value>
         <object_component_ref idref="oc-f1"/>
      </symbol>
      <symbol id="sm-6a1">
         <name>__TI_static_base__</name>
         <value>0x0</value>
      </symbol>
      <symbol id="sm-6a5">
         <name>__mpu_init</name>
         <value>0x0</value>
      </symbol>
      <symbol id="sm-6a6">
         <name>_system_post_cinit</name>
         <value>0x0</value>
      </symbol>
   </symbol_table>
   <title>Link successful</title>
</link_info>
